FIRSAT_KONTROL RLC/USDT:USDT        24h=+16.99% perp_qv=53043429 spot_qv=1480153 score=62.1 faz=NO_EARLY_SETUP neden=ERKEN KIRILIM/TEYİT/YÖN NETLİĞİ
FIRSAT_KONTROL OP/USDT:USDT         24h=+15.79% perp_qv=16122670 spot_qv=0 score=59.9 faz=PRE_BREAKOUT neden=ERKEN KIRILIM/TEYİT/YÖN NETLİĞİ
FIRSAT_KONTROL SI/USDT:USDT         24h=-15.61% perp_qv=960066 spot_qv=0 score=64.7 faz=NO_EARLY_SETUP neden=ERKEN KIRILIM/TEYİT/YÖN NETLİĞİ
FIRSAT_KONTROL HOOKED/USDT:USDT     24h=-15.43% perp_qv=143829 spot_qv=0 score=analiz yok faz=n/a neden=detaylı analiz listesine girmedi; evren/seçim kontrolü gerekli
FIRSAT_KONTROL MINA/USDT:USDT       24h=+15.40% perp_qv=2369169 spot_qv=0 score=72.0 faz=PRE_BREAKOUT neden=SKOR/EŞİK
FIRSAT_KONTROL AGENCY/USDT:USDT     24h=+15.21% perp_qv=149458 spot_qv=0 score=analiz yok faz=n/a neden=detaylı analiz listesine girmedi; evren/seçim kontrolü gerekli
DATA_SKIPS {"YETERSIZ_MUM": 14}
=== 2026-10-10T05:22:47 | BTC4h=NEUTRAL BTC1h=NEUTRAL ETH4h=BEARISH ETH1h=NEUTRAL | perp_taranan=1004 | en_iyi=ORCLSTOCK/USDT:USDT 87.1 | marketcap=cache ===
PERP ORCLSTOCK/USDT:USDT  LONG  phase=NO_EARLY_SETUP   score= 87.1 early=66.4 rr_internal=4.50 rel1h=-0.13 rel4h=-0.07 mc=#9999 gate=90 valid=False qv=1230640 reject=ERKEN KIRILIM/TEYİT/YÖN NETLİĞİ
PERP AUDIO/USDT:USDT      LONG  phase=PRE_BREAKOUT     score= 84.3 early=47.1 rr_internal=6.98 rel1h=-0.19 rel4h=+0.23 mc=# 581 gate=85 valid=True qv=108569 reject=SKOR/EŞİK
PERP CRCLSTOCK/USDT:USDT  LONG  phase=NO_EARLY_SETUP   score= 83.6 early=54.0 rr_internal=5.34 rel1h=+0.20 rel4h=+0.31 mc=#9999 gate=90 valid=False qv=6702927 reject=ERKEN KIRILIM/TEYİT/YÖN NETLİĞİ
PERP TESLA/USDT:USDT      LONG  phase=PRE_BREAKOUT     score= 83.1 early=62.5 rr_internal=9.47 rel1h=-0.14 rel4h=-0.03 mc=#9999 gate=90 valid=True qv=9908984 reject=SKOR/EŞİK
PERP GOOGLSTOCK/USDT:USDT LONG  phase=NO_EARLY_SETUP   score= 82.4 early=48.1 rr_internal=4.55 rel1h=-0.01 rel4h=+0.02 mc=#9999 gate=90 valid=False qv=3448251 reject=ERKEN KIRILIM/TEYİT/YÖN NETLİĞİ
PERP FOGO/USDT:USDT       SHORT phase=NO_EARLY_SETUP   score= 82.1 early=54.9 rr_internal=2.82 rel1h=-0.90 rel4h=+1.18 mc=#9999 gate=90 valid=False qv=120634 reject=ERKEN KIRILIM/TEYİT/YÖN NETLİĞİ
PERP MPCSTOCK/USDT:USDT   LONG  phase=PRE_BREAKOUT     score= 81.8 early=48.9 rr_internal=19.13 rel1h=+0.18 rel4h=-0.29 mc=#9999 gate=90 valid=True qv=116783 reject=SKOR/EŞİK
PERP ORBIO/USDT:USDT      SHORT phase=NO_EARLY_SETUP   score= 81.7 early=73.3 rr_internal=3.04 rel1h=-5.02 rel4h=-2.87 mc=#9999 gate=90 valid=False qv=283574 reject=ERKEN KIRILIM/TEYİT/YÖN NETLİĞİ
PERP ROSE/USDT:USDT       LONG  phase=PRE_BREAKOUT     score= 81.7 early=67.7 rr_internal=2.50 rel1h=+0.04 rel4h=+1.75 mc=# 373 gate=80 valid=True qv=850282 reject=OK
PERP MVLL/USDT:USDT       LONG  phase=PRE_BREAKOUT     score= 81.5 early=52.5 rr_internal=8.47 rel1h=+0.16 rel4h=+0.87 mc=#9999 gate=90 valid=True qv=598598 reject=SKOR/EŞİK
SPOT MAGIC/USDT           AŞAĞI HAREKET   15m=-0.62% 1h=+0.39% 24h=+131.65% vol=0.89x swap=True discovery=True
SPOT MBK/USDT             AŞAĞI HAREKET   15m=-2.69% 1h=-15.15% 24h=-76.78% vol=0.46x swap=False discovery=True
SPOT BLOB/USDT            AŞAĞI HAREKET   15m=-1.29% 1h=-11.08% 24h=-76.42% vol=0.12x swap=False discovery=True
SPOT OKAI/USDT            YUKARI HAREKET  15m=+0.64% 1h=-6.26% 24h=-60.74% vol=0.78x swap=False discovery=True
SPOT KAIA/USDT            YUKARI HAREKET  15m=+0.10% 1h=+1.27% 24h=+53.89% vol=0.70x swap=True discovery=True
SPOT GTT/USDT             YUKARI HAREKET  15m=+5.12% 1h=+4.31% 24h=-51.49% vol=0.14x swap=False discovery=True
SPOT EVT/USDT             AŞAĞI HAREKET   15m=-0.55% 1h=-1.09% 24h=-49.86% vol=0.06x swap=False discovery=True
SPOT US/USDT              AŞAĞI HAREKET   15m=-2.20% 1h=+4.99% 24h=+49.16% vol=0.34x swap=True discovery=True
SPOT NXT/USDT             YUKARI HAREKET  15m=+0.00% 1h=+0.00% 24h=+35.82% vol=0.00x swap=False discovery=True
SPOT KRAFT/USDT           YUKARI HAREKET  15m=+0.00% 1h=-2.47% 24h=-26.62% vol=0.21x swap=False discovery=True
FIRSAT_KONTROL MAGIC/USDT:USDT      24h=+70.42% perp_qv=13006352 spot_qv=750138 score=60.7 faz=NO_EARLY_SETUP neden=ERKEN KIRILIM/TEYİT/YÖN NETLİĞİ
FIRSAT_KONTROL PIXEL/USDT:USDT      24h=+31.63% perp_qv=4927877 spot_qv=0 score=60.7 faz=NO_EARLY_SETUP neden=ERKEN KIRILIM/TEYİT/YÖN NETLİĞİ
FIRSAT_KONTROL ZC/USDT:USDT         24h=-27.32% perp_qv=136646 spot_qv=0 score=69.0 faz=NO_EARLY_SETUP neden=ERKEN KIRILIM/TEYİT/YÖN NETLİĞİ
FIRSAT_KONTROL CAP/USDT:USDT        24h=+27.10% perp_qv=1402870 spot_qv=0 score=60.6 faz=NO_EARLY_SETUP neden=ERKEN KIRILIM/TEYİT/YÖN NETLİĞİ
FIRSAT_KONTROL XDP/USDT:USDT        24h=+24.52% perp_qv=2960198 spot_qv=5529252 score=65.2 faz=PRE_BREAKOUT neden=ERKEN KIRILIM/TEYİT/YÖN NETLİĞİ
FIRSAT_KONTROL BATON/USDT:USDT      24h=-24.50% perp_qv=2935785 spot_qv=0 score=71.1 faz=NO_EARLY_SETUP neden=ERKEN KIRILIM/TEYİT/YÖN NETLİĞİ
FIRSAT_KONTROL RHEA/USDT:USDT       24h=+23.34% perp_qv=112693 spot_qv=0 score=65.6 faz=PRE_BREAKOUT neden=ERKEN KIRILIM/TEYİT/YÖN NETLİĞİ
FIRSAT_KONTROL MUSEBOOK/USDT:USDT   24h=+20.74% perp_qv=117526 spot_qv=0 score=61.6 faz=NO_EARLY_SETUP neden=ERKEN KIRILIM/TEYİT/YÖN NETLİĞİ
FIRSAT_KONTROL US/USDT:USDT         24h=-18.73% perp_qv=12821195 spot_qv=2236025 score=64.7 faz=NO_EARLY_SETUP neden=ERKEN KIRILIM/TEYİT/YÖN NETLİĞİ
FIRSAT_KONTROL MINA/USDT:USDT       24h=+18.62% perp_qv=2545302 spot_qv=0 score=78.6 faz=NO_EARLY_SETUP neden=ERKEN KIRILIM/TEYİT/YÖN NETLİĞİ
FIRSAT_KONTROL C98/USDT:USDT        24h=+17.88% perp_qv=469918 spot_qv=0 score=65.3 faz=NO_EARLY_SETUP neden=ERKEN KIRILIM/TEYİT/YÖN NETLİĞİ
FIRSAT_KONTROL OP/USDT:USDT         24h=+17.77% perp_qv=16539567 spot_qv=0 score=64.1 faz=PRE_BREAKOUT neden=SKOR/EŞİK
FIRSAT_KONTROL ORBIO/USDT:USDT      24h=+17.57% perp_qv=283574 spot_qv=0 score=81.7 faz=NO_EARLY_SETUP neden=ERKEN KIRILIM/TEYİT/YÖN NETLİĞİ
FIRSAT_KONTROL ALLINU/USDT:USDT     24h=-17.10% perp_qv=98982 spot_qv=0 score=analiz yok faz=n/a neden=detaylı tarama dışında: normal vadeli hacim eşiğinin altında ve spot radar önceliği yok
FIRSAT_KONTROL HOOKED/USDT:USDT     24h=-17.00% perp_qv=141444 spot_qv=0 score=analiz yok faz=n/a neden=detaylı analiz listesine girmedi; evren/seçim kontrolü gerekli
FIRSAT_KONTROL JEANPHIL/USDT:USDT   24h=-16.86% perp_qv=103278 spot_qv=0 score=analiz yok faz=n/a neden=detaylı analiz listesine girmedi; evren/seçim kontrolü gerekli
FIRSAT_KONTROL STOCKER/USDT:USDT    24h=-16.41% perp_qv=102696 spot_qv=0 score=80.4 faz=NO_EARLY_SETUP neden=ERKEN KIRILIM/TEYİT/YÖN NETLİĞİ
FIRSAT_KONTROL SI/USDT:USDT         24h=-15.31% perp_qv=890045 spot_qv=0 score=63.0 faz=PRE_BREAKOUT neden=SKOR/EŞİK
FIRSAT_KONTROL OGN/USDT:USDT        24h=-14.96% perp_qv=3411551 spot_qv=934982 score=60.0 faz=NO_EARLY_SETUP neden=ERKEN KIRILIM/TEYİT/YÖN NETLİĞİ
FIRSAT_KONTROL XAI/USDT:USDT        24h=+14.96% perp_qv=1854819 spot_qv=0 score=58.4 faz=NO_EARLY_SETUP neden=ERKEN KIRILIM/TEYİT/YÖN NETLİĞİ
DATA_SKIPS {"YETERSIZ_MUM": 15}
=== 2026-10-10T05:38:11 | BTC4h=NEUTRAL BTC1h=NEUTRAL ETH4h=BEARISH ETH1h=NEUTRAL | perp_taranan=1055 | en_iyi=VUG/USDT:USDT 86.0 | marketcap=cache ===
PERP VUG/USDT:USDT        LONG  phase=PRE_BREAKOUT     score= 86.0 early=50.9 rr_internal=15.49 rel1h=-0.08 rel4h=-0.07 mc=#9999 gate=90 valid=True qv=120666 reject=SKOR/EŞİK
PERP AXS/USDT:USDT        LONG  phase=NO_EARLY_SETUP   score= 83.5 early=69.7 rr_internal=2.20 rel1h=+1.40 rel4h=+1.62 mc=# 185 gate=80 valid=False qv=1538603 reject=ERKEN KIRILIM/TEYİT/YÖN NETLİĞİ
PERP GOOGLSTOCK/USDT:USDT LONG  phase=NO_EARLY_SETUP   score= 83.2 early=48.2 rr_internal=5.05 rel1h=-0.01 rel4h=+0.02 mc=#9999 gate=90 valid=False qv=3449531 reject=ERKEN KIRILIM/TEYİT/YÖN NETLİĞİ
PERP IN/USDT:USDT         SHORT phase=NO_EARLY_SETUP   score= 83.1 early=55.5 rr_internal=2.41 rel1h=-0.13 rel4h=-0.72 mc=#9999 gate=90 valid=False qv=108399 reject=ERKEN KIRILIM/TEYİT/YÖN NETLİĞİ
PERP AUDIO/USDT:USDT      LONG  phase=PRE_BREAKOUT     score= 82.7 early=46.9 rr_internal=6.96 rel1h=-0.19 rel4h=+0.23 mc=# 581 gate=85 valid=False qv=109781 reject=ERKEN KIRILIM/TEYİT/YÖN NETLİĞİ
PERP RIVER/USDT:USDT      SHORT phase=NO_EARLY_SETUP   score= 81.4 early=67.1 rr_internal=2.84 rel1h=-0.21 rel4h=-0.32 mc=# 605 gate=85 valid=False qv=1166102 reject=ERKEN KIRILIM/TEYİT/YÖN NETLİĞİ
PERP SPCXSTOCK/USDT:USDT  LONG  phase=NO_EARLY_SETUP   score= 81.3 early=54.3 rr_internal=19.33 rel1h=-0.06 rel4h=+0.03 mc=#9999 gate=90 valid=False qv=73281268 reject=ERKEN KIRILIM/TEYİT/YÖN NETLİĞİ
PERP LISTA/USDT:USDT      SHORT phase=NO_EARLY_SETUP   score= 81.0 early=62.7 rr_internal=5.46 rel1h=-0.09 rel4h=+0.23 mc=# 659 gate=85 valid=False qv=126804 reject=ERKEN KIRILIM/TEYİT/YÖN NETLİĞİ
PERP KOKUSAISTOCK/USDT:USDT LONG  phase=PRE_BREAKOUT     score= 81.0 early=48.7 rr_internal=10.73 rel1h=-0.25 rel4h=-0.15 mc=#9999 gate=90 valid=True qv=155125 reject=SKOR/EŞİK
PERP FOLKS/USDT:USDT      LONG  phase=PRE_BREAKOUT     score= 80.8 early=43.2 rr_internal=9.34 rel1h=+0.36 rel4h=+0.22 mc=# 431 gate=80 valid=False qv=269058 reject=ERKEN KIRILIM/TEYİT/YÖN NETLİĞİ
SPOT MAGIC/USDT           YUKARI HAREKET  15m=+0.01% 1h=+0.10% 24h=+128.98% vol=0.53x swap=True discovery=True
SPOT MBK/USDT             YUKARI HAREKET  15m=+7.30% 1h=-7.74% 24h=-77.42% vol=0.55x swap=False discovery=True
SPOT BLOB/USDT            YUKARI HAREKET  15m=+6.92% 1h=+3.24% 24h=-77.17% vol=0.38x swap=False discovery=True
SPOT OKAI/USDT            YUKARI HAREKET  15m=+1.11% 1h=-4.93% 24h=-59.42% vol=0.73x swap=False discovery=True
SPOT GTT/USDT             AŞAĞI HAREKET   15m=-4.88% 1h=+1.26% 24h=-56.07% vol=1.93x swap=False discovery=True
SPOT KAIA/USDT            AŞAĞI HAREKET   15m=-0.27% 1h=+0.81% 24h=+52.61% vol=0.16x swap=True discovery=True
SPOT EVT/USDT             YUKARI HAREKET  15m=+0.55% 1h=+0.00% 24h=-49.44% vol=0.02x swap=False discovery=True
SPOT US/USDT              AŞAĞI HAREKET   15m=-1.78% 1h=-1.17% 24h=+47.76% vol=1.46x swap=True discovery=True
SPOT KRAFT/USDT           AŞAĞI HAREKET   15m=-3.84% 1h=-4.13% 24h=-25.59% vol=0.77x swap=False discovery=True
SPOT XDP/USDT             YUKARI HAREKET  15m=+0.53% 1h=+1.62% 24h=+24.44% vol=0.70x swap=True discovery=True
FIRSAT_KONTROL MAGIC/USDT:USDT      24h=+67.07% perp_qv=13263038 spot_qv=755921 score=67.0 faz=NO_EARLY_SETUP neden=ERKEN KIRILIM/TEYİT/YÖN NETLİĞİ
FIRSAT_KONTROL PIXEL/USDT:USDT      24h=+30.07% perp_qv=4981015 spot_qv=0 score=59.5 faz=NO_EARLY_SETUP neden=ERKEN KIRILIM/TEYİT/YÖN NETLİĞİ
FIRSAT_KONTROL ZC/USDT:USDT         24h=-29.70% perp_qv=139580 spot_qv=0 score=63.6 faz=PRE_BREAKOUT neden=ERKEN KIRILIM/TEYİT/YÖN NETLİĞİ
FIRSAT_KONTROL CAP/USDT:USDT        24h=+27.88% perp_qv=1415857 spot_qv=0 score=60.8 faz=NO_EARLY_SETUP neden=ERKEN KIRILIM/TEYİT/YÖN NETLİĞİ
FIRSAT_KONTROL PAID/USDT:USDT       24h=-25.24% perp_qv=189214 spot_qv=0 score=72.3 faz=NO_EARLY_SETUP neden=ERKEN KIRILIM/TEYİT/YÖN NETLİĞİ
FIRSAT_KONTROL RHEA/USDT:USDT       24h=+25.12% perp_qv=114191 spot_qv=0 score=63.3 faz=PRE_BREAKOUT neden=ERKEN KIRILIM/TEYİT/YÖN NETLİĞİ
FIRSAT_KONTROL BATON/USDT:USDT      24h=-23.80% perp_qv=2952973 spot_qv=0 score=66.7 faz=PRE_BREAKOUT neden=ERKEN KIRILIM/TEYİT/YÖN NETLİĞİ
FIRSAT_KONTROL WANGCHAI/USDT:USDT   24h=+22.23% perp_qv=163022 spot_qv=0 score=analiz yok faz=n/a neden=detaylı analiz listesine girmedi; evren/seçim kontrolü gerekli
FIRSAT_KONTROL MUSEBOOK/USDT:USDT   24h=+20.64% perp_qv=119067 spot_qv=0 score=65.3 faz=NO_EARLY_SETUP neden=ERKEN KIRILIM/TEYİT/YÖN NETLİĞİ
FIRSAT_KONTROL HOOKED/USDT:USDT     24h=-19.57% perp_qv=143091 spot_qv=0 score=analiz yok faz=n/a neden=detaylı analiz listesine girmedi; evren/seçim kontrolü gerekli
FIRSAT_KONTROL MINA/USDT:USDT       24h=+19.32% perp_qv=2776834 spot_qv=0 score=78.8 faz=NO_EARLY_SETUP neden=ERKEN KIRILIM/TEYİT/YÖN NETLİĞİ
FIRSAT_KONTROL JEANPHIL/USDT:USDT   24h=-18.49% perp_qv=106135 spot_qv=0 score=analiz yok faz=n/a neden=detaylı analiz listesine girmedi; evren/seçim kontrolü gerekli
FIRSAT_KONTROL AGENCY/USDT:USDT     24h=+17.99% perp_qv=150111 spot_qv=0 score=analiz yok faz=n/a neden=detaylı analiz listesine girmedi; evren/seçim kontrolü gerekli
FIRSAT_KONTROL ORBIO/USDT:USDT      24h=+17.50% perp_qv=285210 spot_qv=0 score=69.1 faz=NO_EARLY_SETUP neden=ERKEN KIRILIM/TEYİT/YÖN NETLİĞİ
FIRSAT_KONTROL ALLINU/USDT:USDT     24h=-17.48% perp_qv=100211 spot_qv=0 score=60.3 faz=NO_EARLY_SETUP neden=ERKEN KIRILIM/TEYİT/YÖN NETLİĞİ
FIRSAT_KONTROL OP/USDT:USDT         24h=+17.24% perp_qv=17654881 spot_qv=0 score=72.3 faz=NO_EARLY_SETUP neden=ERKEN KIRILIM/TEYİT/YÖN NETLİĞİ
FIRSAT_KONTROL GRIFFAIN/USDT:USDT   24h=+16.92% perp_qv=234074 spot_qv=0 score=71.0 faz=PRE_BREAKOUT neden=ERKEN KIRILIM/TEYİT/YÖN NETLİĞİ
FIRSAT_KONTROL OGN/USDT:USDT        24h=-16.83% perp_qv=3417418 spot_qv=932774 score=53.9 faz=NO_EARLY_SETUP neden=ERKEN KIRILIM/TEYİT/YÖN NETLİĞİ
FIRSAT_KONTROL US/USDT:USDT         24h=-16.81% perp_qv=13008398 spot_qv=2239978 score=73.2 faz=PRE_BREAKOUT neden=ERKEN KIRILIM/TEYİT/YÖN NETLİĞİ
FIRSAT_KONTROL C98/USDT:USDT        24h=+16.48% perp_qv=487856 spot_qv=0 score=61.3 faz=NO_EARLY_SETUP neden=ERKEN KIRILIM/TEYİT/YÖN NETLİĞİ
=== 2026-10-10T05:56:00 | BTC4h=NEUTRAL BTC1h=NEUTRAL ETH4h=BEARISH ETH1h=NEUTRAL | perp_taranan=1063 | en_iyi=AZOSTOCK/USDT:USDT 85.4 | marketcap=cache ===
PERP AZOSTOCK/USDT:USDT   LONG  phase=NO_EARLY_SETUP   score= 85.4 early=47.7 rr_internal=131.90 rel1h=-0.08 rel4h=-0.21 mc=#9999 gate=90 valid=False qv=102660 reject=ERKEN KIRILIM/TEYİT/YÖN NETLİĞİ
PERP GLWSTOCK/USDT:USDT   SHORT phase=PRE_BREAKOUT     score= 84.9 early=51.8 rr_internal=13.79 rel1h=-0.21 rel4h=+0.00 mc=#9999 gate=90 valid=True qv=117925 reject=SKOR/EŞİK
PERP FLR/USDT:USDT        LONG  phase=NO_EARLY_SETUP   score= 84.4 early=65.5 rr_internal=4.99 rel1h=-0.03 rel4h=-0.21 mc=#9999 gate=90 valid=False qv=188267 reject=ERKEN KIRILIM/TEYİT/YÖN NETLİĞİ
PERP VUG/USDT:USDT        LONG  phase=PRE_BREAKOUT     score= 82.7 early=48.3 rr_internal=15.46 rel1h=-0.08 rel4h=-0.07 mc=#9999 gate=90 valid=True qv=121713 reject=SKOR/EŞİK
PERP GOOGLSTOCK/USDT:USDT LONG  phase=NO_EARLY_SETUP   score= 82.6 early=50.9 rr_internal=4.73 rel1h=-0.01 rel4h=+0.02 mc=#9999 gate=90 valid=False qv=3451007 reject=ERKEN KIRILIM/TEYİT/YÖN NETLİĞİ
PERP CVC/USDT:USDT        SHORT phase=NO_EARLY_SETUP   score= 82.1 early=49.4 rr_internal=7.08 rel1h=-1.11 rel4h=+1.67 mc=# 628 gate=85 valid=False qv=196678 reject=ERKEN KIRILIM/TEYİT/YÖN NETLİĞİ
PERP MPCSTOCK/USDT:USDT   LONG  phase=PRE_BREAKOUT     score= 81.9 early=48.5 rr_internal=20.26 rel1h=+0.18 rel4h=-0.29 mc=#9999 gate=90 valid=False qv=119291 reject=ERKEN KIRILIM/TEYİT/YÖN NETLİĞİ
PERP LITESTOCK/USDT:USDT  SHORT phase=NO_EARLY_SETUP   score= 81.6 early=66.0 rr_internal=4.40 rel1h=-0.28 rel4h=-0.53 mc=#9999 gate=90 valid=False qv=1882394 reject=ERKEN KIRILIM/TEYİT/YÖN NETLİĞİ
PERP KSTR/USDT:USDT       SHORT phase=NO_EARLY_SETUP   score= 81.5 early=43.1 rr_internal=3.25 rel1h=-0.41 rel4h=+0.36 mc=#9999 gate=90 valid=False qv=104522 reject=ERKEN KIRILIM/TEYİT/YÖN NETLİĞİ
PERP FOLKS/USDT:USDT      LONG  phase=NO_EARLY_SETUP   score= 81.1 early=49.6 rr_internal=9.77 rel1h=+0.36 rel4h=+0.22 mc=# 431 gate=80 valid=False qv=271331 reject=ERKEN KIRILIM/TEYİT/YÖN NETLİĞİ
SPOT MAGIC/USDT           AŞAĞI HAREKET   15m=-0.22% 1h=-0.49% 24h=+130.33% vol=0.52x swap=True discovery=True
SPOT MBK/USDT             AŞAĞI HAREKET   15m=-6.21% 1h=-10.52% 24h=-78.52% vol=0.62x swap=False discovery=True
SPOT BLOB/USDT            YUKARI HAREKET  15m=+0.61% 1h=-4.53% 24h=-76.61% vol=0.41x swap=False discovery=True
SPOT OKAI/USDT            YUKARI HAREKET  15m=+1.42% 1h=+3.37% 24h=-61.93% vol=0.33x swap=False discovery=True
SPOT GTT/USDT             AŞAĞI HAREKET   15m=-2.45% 1h=+0.65% 24h=-57.31% vol=0.08x swap=False discovery=True
SPOT KAIA/USDT            AŞAĞI HAREKET   15m=-1.07% 1h=-0.74% 24h=+54.66% vol=0.43x swap=True discovery=True
SPOT EVT/USDT             YUKARI HAREKET  15m=+1.10% 1h=+0.00% 24h=-47.32% vol=0.41x swap=False discovery=True
SPOT US/USDT              YUKARI HAREKET  15m=+0.66% 1h=-2.85% 24h=+38.81% vol=2.08x swap=True discovery=True
SPOT KRAFT/USDT           YUKARI HAREKET  15m=+13.46% 1h=+6.10% 24h=-37.50% vol=2.65x swap=False discovery=True
SPOT RLC/USDT             YUKARI HAREKET  15m=+2.00% 1h=-1.97% 24h=+26.00% vol=0.50x swap=True discovery=True
FIRSAT_KONTROL MAGIC/USDT:USDT      24h=+66.83% perp_qv=13457513 spot_qv=761074 score=61.0 faz=NO_EARLY_SETUP neden=ERKEN KIRILIM/TEYİT/YÖN NETLİĞİ
FIRSAT_KONTROL PIXEL/USDT:USDT      24h=+32.44% perp_qv=5061132 spot_qv=0 score=62.1 faz=NO_EARLY_SETUP neden=ERKEN KIRILIM/TEYİT/YÖN NETLİĞİ
FIRSAT_KONTROL CAP/USDT:USDT        24h=+28.09% perp_qv=1446506 spot_qv=0 score=60.1 faz=NO_EARLY_SETUP neden=ERKEN KIRILIM/TEYİT/YÖN NETLİĞİ
FIRSAT_KONTROL ZC/USDT:USDT         24h=-25.96% perp_qv=141019 spot_qv=0 score=60.2 faz=NO_EARLY_SETUP neden=ERKEN KIRILIM/TEYİT/YÖN NETLİĞİ
FIRSAT_KONTROL MUSEBOOK/USDT:USDT   24h=+24.69% perp_qv=120658 spot_qv=0 score=69.7 faz=NO_EARLY_SETUP neden=ERKEN KIRILIM/TEYİT/YÖN NETLİĞİ
FIRSAT_KONTROL RLC/USDT:USDT        24h=+24.41% perp_qv=53662201 spot_qv=1505157 score=62.4 faz=NO_EARLY_SETUP neden=ERKEN KIRILIM/TEYİT/YÖN NETLİĞİ
FIRSAT_KONTROL RHEA/USDT:USDT       24h=+23.75% perp_qv=115592 spot_qv=0 score=61.7 faz=NO_EARLY_SETUP neden=ERKEN KIRILIM/TEYİT/YÖN NETLİĞİ
FIRSAT_KONTROL BATON/USDT:USDT      24h=-22.50% perp_qv=2963036 spot_qv=0 score=65.1 faz=NO_EARLY_SETUP neden=ERKEN KIRILIM/TEYİT/YÖN NETLİĞİ
FIRSAT_KONTROL PAID/USDT:USDT       24h=-22.26% perp_qv=195802 spot_qv=0 score=70.5 faz=NO_EARLY_SETUP neden=ERKEN KIRILIM/TEYİT/YÖN NETLİĞİ
FIRSAT_KONTROL WANGCHAI/USDT:USDT   24h=+20.37% perp_qv=165055 spot_qv=0 score=analiz yok faz=n/a neden=detaylı analiz listesine girmedi; evren/seçim kontrolü gerekli
FIRSAT_KONTROL US/USDT:USDT         24h=-19.56% perp_qv=13099286 spot_qv=2236651 score=71.6 faz=PRE_BREAKOUT neden=ERKEN KIRILIM/TEYİT/YÖN NETLİĞİ
FIRSAT_KONTROL ALLINU/USDT:USDT     24h=-19.42% perp_qv=101213 spot_qv=0 score=65.2 faz=PRE_BREAKOUT neden=SKOR/EŞİK
FIRSAT_KONTROL ORBIO/USDT:USDT      24h=+18.80% perp_qv=287228 spot_qv=0 score=69.7 faz=NO_EARLY_SETUP neden=ERKEN KIRILIM/TEYİT/YÖN NETLİĞİ
FIRSAT_KONTROL JEANPHIL/USDT:USDT   24h=-18.75% perp_qv=107891 spot_qv=0 score=analiz yok faz=n/a neden=detaylı analiz listesine girmedi; evren/seçim kontrolü gerekli
FIRSAT_KONTROL MINA/USDT:USDT       24h=+18.08% perp_qv=3039337 spot_qv=0 score=66.7 faz=NO_EARLY_SETUP neden=ERKEN KIRILIM/TEYİT/YÖN NETLİĞİ
FIRSAT_KONTROL OP/USDT:USDT         24h=+16.83% perp_qv=18067303 spot_qv=0 score=58.8 faz=NO_EARLY_SETUP neden=ERKEN KIRILIM/TEYİT/YÖN NETLİĞİ
FIRSAT_KONTROL HOOKED/USDT:USDT     24h=-16.77% perp_qv=144685 spot_qv=0 score=analiz yok faz=n/a neden=detaylı analiz listesine girmedi; evren/seçim kontrolü gerekli
FIRSAT_KONTROL OGN/USDT:USDT        24h=-16.63% perp_qv=3423180 spot_qv=932151 score=57.7 faz=NO_EARLY_SETUP neden=ERKEN KIRILIM/TEYİT/YÖN NETLİĞİ
FIRSAT_KONTROL AGENCY/USDT:USDT     24h=+16.32% perp_qv=151557 spot_qv=0 score=analiz yok faz=n/a neden=detaylı analiz listesine girmedi; evren/seçim kontrolü gerekli
FIRSAT_KONTROL C98/USDT:USDT        24h=+16.10% perp_qv=501370 spot_qv=0 score=55.3 faz=NO_EARLY_SETUP neden=ERKEN KIRILIM/TEYİT/YÖN NETLİĞİ
=== 2026-10-10T06:08:22 | BTC4h=NEUTRAL BTC1h=NEUTRAL ETH4h=BEARISH ETH1h=NEUTRAL | perp_taranan=1064 | en_iyi=FOLKS/USDT:USDT 92.5 | marketcap=cache ===
PERP FOLKS/USDT:USDT      LONG  phase=NO_EARLY_SETUP   score= 92.5 early=74.8 rr_internal=4.95 rel1h=+5.08 rel4h=+0.22 mc=# 431 gate=80 valid=False qv=272665 reject=ERKEN KIRILIM/TEYİT/YÖN NETLİĞİ
PERP AAPLSTOCK/USDT:USDT  LONG  phase=NO_EARLY_SETUP   score= 84.5 early=45.6 rr_internal=11.11 rel1h=-0.07 rel4h=-0.03 mc=#9999 gate=90 valid=False qv=6652868 reject=ERKEN KIRILIM/TEYİT/YÖN NETLİĞİ
PERP TAIYOYUDENSTOCK/USDT:USDT LONG  phase=PRE_BREAKOUT     score= 84.1 early=48.3 rr_internal=5.18 rel1h=-0.08 rel4h=-0.25 mc=#9999 gate=90 valid=True qv=107885 reject=SKOR/EŞİK
PERP UAI/USDT:USDT        LONG  phase=PRE_BREAKOUT     score= 83.1 early=53.4 rr_internal=3.15 rel1h=+0.87 rel4h=-1.26 mc=# 305 gate=80 valid=True qv=1483093 reject=OK
PERP AUDIO/USDT:USDT      LONG  phase=NO_EARLY_SETUP   score= 82.3 early=45.3 rr_internal=7.25 rel1h=-0.30 rel4h=+0.23 mc=# 581 gate=85 valid=False qv=111741 reject=ERKEN KIRILIM/TEYİT/YÖN NETLİĞİ
PERP EUR/USDT:USDT        SHORT phase=NO_EARLY_SETUP   score= 82.3 early=53.0 rr_internal=4.58 rel1h=-0.15 rel4h=-0.07 mc=#9999 gate=90 valid=False qv=149403 reject=ERKEN KIRILIM/TEYİT/YÖN NETLİĞİ
PERP CVC/USDT:USDT        SHORT phase=NO_EARLY_SETUP   score= 82.1 early=49.4 rr_internal=7.08 rel1h=-1.11 rel4h=+1.67 mc=# 628 gate=85 valid=False qv=197628 reject=ERKEN KIRILIM/TEYİT/YÖN NETLİĞİ
PERP ORCA/USDT:USDT       LONG  phase=PRE_BREAKOUT     score= 82.1 early=63.6 rr_internal=2.56 rel1h=+1.78 rel4h=+2.74 mc=# 232 gate=80 valid=True qv=575619 reject=OK
PERP ONDO/USDT:USDT       LONG  phase=PRE_BREAKOUT     score= 82.0 early=73.2 rr_internal=2.20 rel1h=+0.84 rel4h=+0.68 mc=#  50 gate=80 valid=True qv=40314695 reject=OK
PERP QQQSTOCK/USDT:USDT   LONG  phase=PRE_BREAKOUT     score= 81.8 early=69.1 rr_internal=3.54 rel1h=-0.11 rel4h=+0.11 mc=#9999 gate=90 valid=True qv=5208287 reject=SKOR/EŞİK
SPOT MAGIC/USDT           AŞAĞI HAREKET   15m=-0.10% 1h=-0.92% 24h=+137.28% vol=0.53x swap=True discovery=True
SPOT BLOB/USDT            YUKARI HAREKET  15m=+0.41% 1h=+6.62% 24h=-78.52% vol=0.64x swap=False discovery=True
SPOT MBK/USDT             AŞAĞI HAREKET   15m=-6.69% 1h=-8.62% 24h=-76.74% vol=0.58x swap=False discovery=True
SPOT OKAI/USDT            AŞAĞI HAREKET   15m=-6.51% 1h=-3.52% 24h=-60.11% vol=0.74x swap=False discovery=True
SPOT GTT/USDT             YUKARI HAREKET  15m=+6.41% 1h=+3.80% 24h=-58.68% vol=0.21x swap=False discovery=True
SPOT KAIA/USDT            YUKARI HAREKET  15m=+0.71% 1h=-0.53% 24h=+54.64% vol=0.18x swap=True discovery=True
SPOT EVT/USDT             AŞAĞI HAREKET   15m=-3.80% 1h=-2.75% 24h=-47.27% vol=0.18x swap=False discovery=True
SPOT US/USDT              AŞAĞI HAREKET   15m=-2.83% 1h=-6.03% 24h=+43.22% vol=1.65x swap=True discovery=True
SPOT KRAFT/USDT           AŞAĞI HAREKET   15m=-7.32% 1h=+1.11% 24h=-32.24% vol=1.40x swap=False discovery=True
SPOT XDP/USDT             YUKARI HAREKET  15m=+0.04% 1h=+2.39% 24h=+22.70% vol=0.85x swap=True discovery=True
FIRSAT_KONTROL MAGIC/USDT:USDT      24h=+72.08% perp_qv=13725629 spot_qv=766459 score=62.7 faz=NO_EARLY_SETUP neden=ERKEN KIRILIM/TEYİT/YÖN NETLİĞİ
FIRSAT_KONTROL ZC/USDT:USDT         24h=-31.33% perp_qv=142679 spot_qv=0 score=60.2 faz=NO_EARLY_SETUP neden=ERKEN KIRILIM/TEYİT/YÖN NETLİĞİ
FIRSAT_KONTROL CAP/USDT:USDT        24h=+30.24% perp_qv=1489573 spot_qv=0 score=60.3 faz=NO_EARLY_SETUP neden=ERKEN KIRILIM/TEYİT/YÖN NETLİĞİ
FIRSAT_KONTROL PIXEL/USDT:USDT      24h=+28.11% perp_qv=5118129 spot_qv=0 score=62.1 faz=NO_EARLY_SETUP neden=ERKEN KIRILIM/TEYİT/YÖN NETLİĞİ
FIRSAT_KONTROL MUSEBOOK/USDT:USDT   24h=+25.11% perp_qv=121728 spot_qv=0 score=69.7 faz=NO_EARLY_SETUP neden=ERKEN KIRILIM/TEYİT/YÖN NETLİĞİ
FIRSAT_KONTROL BATON/USDT:USDT      24h=-23.15% perp_qv=2969938 spot_qv=0 score=65.1 faz=NO_EARLY_SETUP neden=ERKEN KIRILIM/TEYİT/YÖN NETLİĞİ
FIRSAT_KONTROL XDP/USDT:USDT        24h=+22.70% perp_qv=3007152 spot_qv=5577129 score=62.0 faz=PRE_BREAKOUT neden=ERKEN KIRILIM/TEYİT/YÖN NETLİĞİ
FIRSAT_KONTROL RHEA/USDT:USDT       24h=+22.33% perp_qv=116489 spot_qv=0 score=61.7 faz=NO_EARLY_SETUP neden=ERKEN KIRILIM/TEYİT/YÖN NETLİĞİ
FIRSAT_KONTROL RLC/USDT:USDT        24h=+22.19% perp_qv=54160005 spot_qv=1509958 score=72.6 faz=NO_EARLY_SETUP neden=ERKEN KIRILIM/TEYİT/YÖN NETLİĞİ
FIRSAT_KONTROL PAID/USDT:USDT       24h=-21.07% perp_qv=198343 spot_qv=0 score=60.6 faz=NO_EARLY_SETUP neden=ERKEN KIRILIM/TEYİT/YÖN NETLİĞİ
FIRSAT_KONTROL JEANPHIL/USDT:USDT   24h=-18.83% perp_qv=108808 spot_qv=0 score=analiz yok faz=n/a neden=detaylı analiz listesine girmedi; evren/seçim kontrolü gerekli
FIRSAT_KONTROL ORBIO/USDT:USDT      24h=+18.71% perp_qv=288157 spot_qv=0 score=69.7 faz=NO_EARLY_SETUP neden=ERKEN KIRILIM/TEYİT/YÖN NETLİĞİ
FIRSAT_KONTROL US/USDT:USDT         24h=-18.60% perp_qv=13212171 spot_qv=2238870 score=69.3 faz=PRE_BREAKOUT neden=SKOR/EŞİK
FIRSAT_KONTROL ALLINU/USDT:USDT     24h=-18.12% perp_qv=102084 spot_qv=0 score=65.2 faz=PRE_BREAKOUT neden=SKOR/EŞİK
FIRSAT_KONTROL WANGCHAI/USDT:USDT   24h=+17.64% perp_qv=166619 spot_qv=0 score=analiz yok faz=n/a neden=detaylı analiz listesine girmedi; evren/seçim kontrolü gerekli
FIRSAT_KONTROL OP/USDT:USDT         24h=+17.39% perp_qv=18231443 spot_qv=0 score=58.8 faz=NO_EARLY_SETUP neden=ERKEN KIRILIM/TEYİT/YÖN NETLİĞİ
FIRSAT_KONTROL AGENCY/USDT:USDT     24h=+17.25% perp_qv=152882 spot_qv=0 score=analiz yok faz=n/a neden=detaylı analiz listesine girmedi; evren/seçim kontrolü gerekli
FIRSAT_KONTROL HOOKED/USDT:USDT     24h=-17.11% perp_qv=145638 spot_qv=0 score=analiz yok faz=n/a neden=detaylı analiz listesine girmedi; evren/seçim kontrolü gerekli
FIRSAT_KONTROL STOCKER/USDT:USDT    24h=-16.85% perp_qv=106398 spot_qv=0 score=68.1 faz=NO_EARLY_SETUP neden=ERKEN KIRILIM/TEYİT/YÖN NETLİĞİ
FIRSAT_KONTROL WHUF/USDT:USDT       24h=-15.22% perp_qv=150909 spot_qv=0 score=analiz yok faz=n/a neden=detaylı analiz listesine girmedi; evren/seçim kontrolü gerekli
=== 2026-10-10T06:23:47 | BTC4h=NEUTRAL BTC1h=NEUTRAL ETH4h=BEARISH ETH1h=NEUTRAL | perp_taranan=1010 | en_iyi=FOLKS/USDT:USDT 92.5 | marketcap=cache ===
PERP FOLKS/USDT:USDT      LONG  phase=NO_EARLY_SETUP   score= 92.5 early=74.8 rr_internal=4.95 rel1h=+5.05 rel4h=+0.22 mc=# 431 gate=80 valid=False qv=272500 reject=ERKEN KIRILIM/TEYİT/YÖN NETLİĞİ
PERP GPS/USDT:USDT        SHORT phase=NO_EARLY_SETUP   score= 86.0 early=69.2 rr_internal=2.05 rel1h=-0.39 rel4h=-0.31 mc=# 657 gate=85 valid=False qv=134268 reject=ERKEN KIRILIM/TEYİT/YÖN NETLİĞİ
PERP PIEVERSE/USDT:USDT   SHORT phase=PRE_BREAKOUT     score= 85.8 early=67.4 rr_internal=2.20 rel1h=-0.10 rel4h=-0.51 mc=# 177 gate=80 valid=True qv=270885 reject=OK
PERP AUDIO/USDT:USDT      LONG  phase=NO_EARLY_SETUP   score= 85.1 early=48.3 rr_internal=7.24 rel1h=-0.33 rel4h=+0.23 mc=# 581 gate=85 valid=False qv=108815 reject=ERKEN KIRILIM/TEYİT/YÖN NETLİĞİ
PERP MUU/USDT:USDT        SHORT phase=NO_EARLY_SETUP   score= 85.1 early=53.2 rr_internal=4.40 rel1h=-0.24 rel4h=+0.88 mc=#9999 gate=90 valid=False qv=3558825 reject=ERKEN KIRILIM/TEYİT/YÖN NETLİĞİ
PERP AAOISTOCK/USDT:USDT  SHORT phase=NO_EARLY_SETUP   score= 84.6 early=46.7 rr_internal=4.69 rel1h=-0.21 rel4h=+0.36 mc=#9999 gate=90 valid=False qv=675220 reject=ERKEN KIRILIM/TEYİT/YÖN NETLİĞİ
PERP MUSTOCK/USDT:USDT    SHORT phase=NO_EARLY_SETUP   score= 84.5 early=49.3 rr_internal=6.59 rel1h=-0.20 rel4h=+0.34 mc=#9999 gate=90 valid=False qv=196170897 reject=ERKEN KIRILIM/TEYİT/YÖN NETLİĞİ
PERP TSMSTOCK/USDT:USDT   SHORT phase=PRE_BREAKOUT     score= 84.5 early=45.7 rr_internal=4.74 rel1h=-0.13 rel4h=+0.01 mc=#9999 gate=90 valid=False qv=339406 reject=ERKEN KIRILIM/TEYİT/YÖN NETLİĞİ
PERP VUG/USDT:USDT        LONG  phase=PRE_BREAKOUT     score= 84.2 early=48.1 rr_internal=15.48 rel1h=-0.25 rel4h=-0.07 mc=#9999 gate=90 valid=True qv=119406 reject=SKOR/EŞİK
PERP Q/USDT:USDT          LONG  phase=NO_EARLY_SETUP   score= 83.6 early=85.7 rr_internal=2.20 rel1h=+16.12 rel4h=-5.91 mc=# 435 gate=80 valid=False qv=198973 reject=ERKEN KIRILIM/TEYİT/YÖN NETLİĞİ
SPOT MAGIC/USDT           YUKARI HAREKET  15m=+2.86% 1h=+2.55% 24h=+135.74% vol=0.59x swap=True discovery=True
SPOT BLOB/USDT            YUKARI HAREKET  15m=+1.42% 1h=+9.55% 24h=-76.50% vol=1.92x swap=False discovery=True
SPOT MBK/USDT             YUKARI HAREKET  15m=+8.45% 1h=+1.84% 24h=-74.71% vol=0.83x swap=False discovery=True
SPOT OKAI/USDT            YUKARI HAREKET  15m=+0.00% 1h=-4.13% 24h=-63.30% vol=1.30x swap=False discovery=True
SPOT GTT/USDT             YUKARI HAREKET  15m=+1.61% 1h=+0.33% 24h=-55.90% vol=0.28x swap=False discovery=True
SPOT KAIA/USDT            AŞAĞI HAREKET   15m=-0.12% 1h=-0.75% 24h=+53.75% vol=0.13x swap=True discovery=True
SPOT EVT/USDT             YUKARI HAREKET  15m=+4.52% 1h=+2.21% 24h=-45.63% vol=0.39x swap=False discovery=True
SPOT US/USDT              YUKARI HAREKET  15m=+0.34% 1h=-3.59% 24h=+28.41% vol=1.30x swap=True discovery=True
SPOT KRAFT/USDT           YUKARI HAREKET  15m=+5.00% 1h=+6.17% 24h=-27.31% vol=1.53x swap=False discovery=True
SPOT XDP/USDT             AŞAĞI HAREKET   15m=-0.93% 1h=+0.86% 24h=+22.57% vol=0.78x swap=True discovery=True
FIRSAT_KONTROL MAGIC/USDT:USDT      24h=+73.53% perp_qv=14042861 spot_qv=769556 score=68.1 faz=PRE_BREAKOUT neden=ERKEN KIRILIM/TEYİT/YÖN NETLİĞİ
FIRSAT_KONTROL ZC/USDT:USDT         24h=-34.26% perp_qv=140451 spot_qv=0 score=61.4 faz=PRE_BREAKOUT neden=ERKEN KIRILIM/TEYİT/YÖN NETLİĞİ
FIRSAT_KONTROL CAP/USDT:USDT        24h=+30.39% perp_qv=1533073 spot_qv=0 score=61.8 faz=NO_EARLY_SETUP neden=ERKEN KIRILIM/TEYİT/YÖN NETLİĞİ
FIRSAT_KONTROL PIXEL/USDT:USDT      24h=+28.16% perp_qv=5163740 spot_qv=0 score=55.8 faz=NO_EARLY_SETUP neden=ERKEN KIRILIM/TEYİT/YÖN NETLİĞİ
FIRSAT_KONTROL MUSEBOOK/USDT:USDT   24h=+26.06% perp_qv=118779 spot_qv=0 score=70.3 faz=NO_EARLY_SETUP neden=ERKEN KIRILIM/TEYİT/YÖN NETLİĞİ
FIRSAT_KONTROL PAID/USDT:USDT       24h=-22.86% perp_qv=193031 spot_qv=0 score=63.2 faz=NO_EARLY_SETUP neden=ERKEN KIRILIM/TEYİT/YÖN NETLİĞİ
FIRSAT_KONTROL XDP/USDT:USDT        24h=+22.57% perp_qv=2994184 spot_qv=5613966 score=60.0 faz=NO_EARLY_SETUP neden=ERKEN KIRILIM/TEYİT/YÖN NETLİĞİ
FIRSAT_KONTROL BATON/USDT:USDT      24h=-22.25% perp_qv=2780299 spot_qv=0 score=63.5 faz=NO_EARLY_SETUP neden=ERKEN KIRILIM/TEYİT/YÖN NETLİĞİ
FIRSAT_KONTROL US/USDT:USDT         24h=-19.47% perp_qv=13181770 spot_qv=2211570 score=67.3 faz=PRE_BREAKOUT neden=ERKEN KIRILIM/TEYİT/YÖN NETLİĞİ
FIRSAT_KONTROL RLC/USDT:USDT        24h=+19.09% perp_qv=52851949 spot_qv=1472220 score=72.7 faz=NO_EARLY_SETUP neden=ERKEN KIRILIM/TEYİT/YÖN NETLİĞİ
FIRSAT_KONTROL JEANPHIL/USDT:USDT   24h=-18.75% perp_qv=109991 spot_qv=0 score=analiz yok faz=n/a neden=detaylı analiz listesine girmedi; evren/seçim kontrolü gerekli
FIRSAT_KONTROL RHEA/USDT:USDT       24h=+18.65% perp_qv=113370 spot_qv=0 score=62.1 faz=NO_EARLY_SETUP neden=ERKEN KIRILIM/TEYİT/YÖN NETLİĞİ
FIRSAT_KONTROL WHUF/USDT:USDT       24h=-18.11% perp_qv=147959 spot_qv=0 score=analiz yok faz=n/a neden=detaylı analiz listesine girmedi; evren/seçim kontrolü gerekli
FIRSAT_KONTROL ALLINU/USDT:USDT     24h=-17.88% perp_qv=99062 spot_qv=0 score=analiz yok faz=n/a neden=detaylı tarama dışında: normal vadeli hacim eşiğinin altında ve spot radar önceliği yok
FIRSAT_KONTROL OP/USDT:USDT         24h=+16.78% perp_qv=18301444 spot_qv=0 score=59.4 faz=NO_EARLY_SETUP neden=ERKEN KIRILIM/TEYİT/YÖN NETLİĞİ
FIRSAT_KONTROL WANGCHAI/USDT:USDT   24h=+16.78% perp_qv=161610 spot_qv=0 score=analiz yok faz=n/a neden=detaylı analiz listesine girmedi; evren/seçim kontrolü gerekli
FIRSAT_KONTROL HOOKED/USDT:USDT     24h=-16.77% perp_qv=141762 spot_qv=0 score=analiz yok faz=n/a neden=detaylı analiz listesine girmedi; evren/seçim kontrolü gerekli
FIRSAT_KONTROL STOCKER/USDT:USDT    24h=-16.39% perp_qv=103416 spot_qv=0 score=71.1 faz=PRE_BREAKOUT neden=ERKEN KIRILIM/TEYİT/YÖN NETLİĞİ
FIRSAT_KONTROL MINA/USDT:USDT       24h=+15.72% perp_qv=3195356 spot_qv=0 score=63.5 faz=NO_EARLY_SETUP neden=ERKEN KIRILIM/TEYİT/YÖN NETLİĞİ
FIRSAT_KONTROL ORBIO/USDT:USDT      24h=+14.95% perp_qv=287326 spot_qv=0 score=69.3 faz=NO_EARLY_SETUP neden=ERKEN KIRILIM/TEYİT/YÖN NETLİĞİ
=== 2026-10-10T06:46:18 | BTC4h=NEUTRAL BTC1h=NEUTRAL ETH4h=BEARISH ETH1h=NEUTRAL | perp_taranan=1058 | en_iyi=NOT/USDT:USDT 86.9 | marketcap=cache ===
PERP NOT/USDT:USDT        SHORT phase=NO_EARLY_SETUP   score= 86.9 early=58.9 rr_internal=4.90 rel1h=-0.15 rel4h=-1.18 mc=# 407 gate=80 valid=False qv=203781 reject=ERKEN KIRILIM/TEYİT/YÖN NETLİĞİ
PERP PIEVERSE/USDT:USDT   SHORT phase=NO_EARLY_SETUP   score= 84.4 early=65.8 rr_internal=2.20 rel1h=-0.10 rel4h=-0.51 mc=# 177 gate=80 valid=False qv=285993 reject=ERKEN KIRILIM/TEYİT/YÖN NETLİĞİ
PERP LUNANEW/USDT:USDT    SHORT phase=NO_EARLY_SETUP   score= 83.8 early=62.7 rr_internal=4.32 rel1h=-0.26 rel4h=-0.28 mc=#9999 gate=90 valid=False qv=363233 reject=ERKEN KIRILIM/TEYİT/YÖN NETLİĞİ
PERP TAIYOYUDENSTOCK/USDT:USDT LONG  phase=PRE_BREAKOUT     score= 83.4 early=46.2 rr_internal=5.18 rel1h=-0.11 rel4h=-0.25 mc=#9999 gate=90 valid=False qv=106251 reject=ERKEN KIRILIM/TEYİT/YÖN NETLİĞİ
PERP WIF/USDT:USDT        SHORT phase=NO_EARLY_SETUP   score= 83.2 early=63.5 rr_internal=3.48 rel1h=-0.11 rel4h=+0.90 mc=# 181 gate=80 valid=False qv=2538861 reject=ERKEN KIRILIM/TEYİT/YÖN NETLİĞİ
PERP GPS/USDT:USDT        SHORT phase=NO_EARLY_SETUP   score= 83.2 early=55.3 rr_internal=2.01 rel1h=-0.39 rel4h=-0.31 mc=# 657 gate=85 valid=False qv=136801 reject=ERKEN KIRILIM/TEYİT/YÖN NETLİĞİ
PERP RKLBSTOCK/USDT:USDT  SHORT phase=PRE_BREAKOUT     score= 82.8 early=52.2 rr_internal=5.93 rel1h=-0.14 rel4h=-0.10 mc=#9999 gate=90 valid=False qv=433374 reject=ERKEN KIRILIM/TEYİT/YÖN NETLİĞİ
PERP CVC/USDT:USDT        SHORT phase=NO_EARLY_SETUP   score= 82.7 early=47.3 rr_internal=7.09 rel1h=-0.42 rel4h=+1.67 mc=# 628 gate=85 valid=False qv=198701 reject=ERKEN KIRILIM/TEYİT/YÖN NETLİĞİ
PERP AZOSTOCK/USDT:USDT   LONG  phase=PRE_BREAKOUT     score= 82.6 early=51.3 rr_internal=148.07 rel1h=+0.02 rel4h=-0.21 mc=#9999 gate=90 valid=True qv=102339 reject=SKOR/EŞİK
PERP XTZ/USDT:USDT        SHORT phase=NO_EARLY_SETUP   score= 82.6 early=63.4 rr_internal=2.24 rel1h=-0.09 rel4h=-0.64 mc=# 147 gate=80 valid=False qv=374493 reject=ERKEN KIRILIM/TEYİT/YÖN NETLİĞİ
SPOT MAGIC/USDT           AŞAĞI HAREKET   15m=-0.79% 1h=+2.41% 24h=+131.02% vol=0.32x swap=True discovery=True
SPOT MBK/USDT             YUKARI HAREKET  15m=+4.31% 1h=+3.87% 24h=-74.22% vol=0.15x swap=False discovery=True
SPOT BLOB/USDT            YUKARI HAREKET  15m=+1.33% 1h=+3.25% 24h=-72.70% vol=0.58x swap=False discovery=True
SPOT GTT/USDT             AŞAĞI HAREKET   15m=-5.73% 1h=+4.59% 24h=-66.50% vol=4.37x swap=False discovery=True
SPOT OKAI/USDT            YUKARI HAREKET  15m=+0.87% 1h=-9.92% 24h=-61.57% vol=0.52x swap=False discovery=True
SPOT KAIA/USDT            YUKARI HAREKET  15m=+1.39% 1h=+1.34% 24h=+55.01% vol=0.13x swap=True discovery=True
SPOT EVT/USDT             YUKARI HAREKET  15m=+5.35% 1h=+7.07% 24h=-44.66% vol=0.40x swap=False discovery=True
SPOT US/USDT              YUKARI HAREKET  15m=+0.08% 1h=-3.45% 24h=+31.01% vol=0.44x swap=True discovery=True
SPOT KRAFT/USDT           AŞAĞI HAREKET   15m=-4.62% 1h=-10.01% 24h=-26.35% vol=2.11x swap=False discovery=True
SPOT XDP/USDT             AŞAĞI HAREKET   15m=-0.08% 1h=-0.64% 24h=+23.31% vol=0.92x swap=True discovery=True
FIRSAT_KONTROL MAGIC/USDT:USDT      24h=+71.17% perp_qv=14539248 spot_qv=773386 score=63.1 faz=PRE_BREAKOUT neden=ERKEN KIRILIM/TEYİT/YÖN NETLİĞİ
FIRSAT_KONTROL ZC/USDT:USDT         24h=-31.13% perp_qv=142189 spot_qv=0 score=54.8 faz=PRE_BREAKOUT neden=ERKEN KIRILIM/TEYİT/YÖN NETLİĞİ
FIRSAT_KONTROL CAP/USDT:USDT        24h=+30.69% perp_qv=1607158 spot_qv=0 score=63.2 faz=NO_EARLY_SETUP neden=ERKEN KIRILIM/TEYİT/YÖN NETLİĞİ
FIRSAT_KONTROL MUSEBOOK/USDT:USDT   24h=+28.38% perp_qv=121077 spot_qv=0 score=71.0 faz=PRE_BREAKOUT neden=ERKEN KIRILIM/TEYİT/YÖN NETLİĞİ
FIRSAT_KONTROL BATON/USDT:USDT      24h=-23.77% perp_qv=2789945 spot_qv=0 score=63.3 faz=NO_EARLY_SETUP neden=ERKEN KIRILIM/TEYİT/YÖN NETLİĞİ
FIRSAT_KONTROL PAID/USDT:USDT       24h=-23.65% perp_qv=196360 spot_qv=0 score=66.4 faz=NO_EARLY_SETUP neden=ERKEN KIRILIM/TEYİT/YÖN NETLİĞİ
FIRSAT_KONTROL XDP/USDT:USDT        24h=+23.31% perp_qv=3005533 spot_qv=5661695 score=61.0 faz=NO_EARLY_SETUP neden=ERKEN KIRILIM/TEYİT/YÖN NETLİĞİ
FIRSAT_KONTROL PIXEL/USDT:USDT      24h=+22.12% perp_qv=5312177 spot_qv=0 score=68.1 faz=NO_EARLY_SETUP neden=ERKEN KIRILIM/TEYİT/YÖN NETLİĞİ
FIRSAT_KONTROL WANGCHAI/USDT:USDT   24h=+20.73% perp_qv=165596 spot_qv=0 score=analiz yok faz=n/a neden=detaylı analiz listesine girmedi; evren/seçim kontrolü gerekli
FIRSAT_KONTROL US/USDT:USDT         24h=-19.87% perp_qv=13270021 spot_qv=2147974 score=62.2 faz=PRE_BREAKOUT neden=ERKEN KIRILIM/TEYİT/YÖN NETLİĞİ
FIRSAT_KONTROL RHEA/USDT:USDT       24h=+19.85% perp_qv=115139 spot_qv=0 score=70.4 faz=NO_EARLY_SETUP neden=ERKEN KIRILIM/TEYİT/YÖN NETLİĞİ
FIRSAT_KONTROL JEANPHIL/USDT:USDT   24h=-19.26% perp_qv=112037 spot_qv=0 score=analiz yok faz=n/a neden=detaylı analiz listesine girmedi; evren/seçim kontrolü gerekli
FIRSAT_KONTROL HOOKED/USDT:USDT     24h=-18.23% perp_qv=143434 spot_qv=0 score=analiz yok faz=n/a neden=detaylı analiz listesine girmedi; evren/seçim kontrolü gerekli
FIRSAT_KONTROL RLC/USDT:USDT        24h=+18.20% perp_qv=53074806 spot_qv=1445721 score=71.0 faz=NO_EARLY_SETUP neden=ERKEN KIRILIM/TEYİT/YÖN NETLİĞİ
FIRSAT_KONTROL ALLINU/USDT:USDT     24h=-17.93% perp_qv=100582 spot_qv=0 score=62.1 faz=NO_EARLY_SETUP neden=ERKEN KIRILIM/TEYİT/YÖN NETLİĞİ
FIRSAT_KONTROL WHUF/USDT:USDT       24h=-17.52% perp_qv=152606 spot_qv=0 score=analiz yok faz=n/a neden=detaylı analiz listesine girmedi; evren/seçim kontrolü gerekli
FIRSAT_KONTROL LPT/USDT:USDT        24h=+16.83% perp_qv=1277147 spot_qv=0 score=72.9 faz=NO_EARLY_SETUP neden=ERKEN KIRILIM/TEYİT/YÖN NETLİĞİ
FIRSAT_KONTROL STOCKER/USDT:USDT    24h=-16.14% perp_qv=104858 spot_qv=0 score=66.9 faz=NO_EARLY_SETUP neden=ERKEN KIRILIM/TEYİT/YÖN NETLİĞİ
FIRSAT_KONTROL ORBIO/USDT:USDT      24h=+15.81% perp_qv=289247 spot_qv=0 score=67.1 faz=NO_EARLY_SETUP neden=ERKEN KIRILIM/TEYİT/YÖN NETLİĞİ
FIRSAT_KONTROL WLD/USDT:USDT        24h=+15.71% perp_qv=74827537 spot_qv=847164 score=66.7 faz=PRE_BREAKOUT neden=SKOR/EŞİK
=== 2026-10-10T07:12:02 | BTC4h=NEUTRAL BTC1h=NEUTRAL ETH4h=BEARISH ETH1h=NEUTRAL | perp_taranan=1064 | en_iyi=MUSTOCK/USDT:USDT 86.8 | marketcap=cache ===
PERP MUSTOCK/USDT:USDT    SHORT phase=PRE_BREAKOUT     score= 86.8 early=57.0 rr_internal=6.84 rel1h=-0.36 rel4h=+0.34 mc=#9999 gate=90 valid=True qv=197404035 reject=SKOR/EŞİK
PERP RKLBSTOCK/USDT:USDT  SHORT phase=NO_EARLY_SETUP   score= 86.7 early=55.0 rr_internal=6.64 rel1h=-0.30 rel4h=-0.10 mc=#9999 gate=90 valid=False qv=435576 reject=ERKEN KIRILIM/TEYİT/YÖN NETLİĞİ
PERP NOT/USDT:USDT        SHORT phase=NO_EARLY_SETUP   score= 84.6 early=58.3 rr_internal=4.95 rel1h=-1.06 rel4h=-1.18 mc=# 407 gate=80 valid=False qv=206735 reject=ERKEN KIRILIM/TEYİT/YÖN NETLİĞİ
PERP SOXL/USDT:USDT       SHORT phase=NO_EARLY_SETUP   score= 84.5 early=66.5 rr_internal=2.44 rel1h=-0.50 rel4h=+0.79 mc=#9999 gate=90 valid=False qv=65716295 reject=ERKEN KIRILIM/TEYİT/YÖN NETLİĞİ
PERP BRETT/USDT:USDT      SHORT phase=NO_EARLY_SETUP   score= 84.3 early=58.3 rr_internal=3.75 rel1h=-1.32 rel4h=+0.53 mc=# 385 gate=80 valid=False qv=119770 reject=ERKEN KIRILIM/TEYİT/YÖN NETLİĞİ
PERP AAOISTOCK/USDT:USDT  SHORT phase=PRE_BREAKOUT     score= 84.2 early=64.4 rr_internal=2.67 rel1h=-0.43 rel4h=+0.36 mc=#9999 gate=90 valid=True qv=679963 reject=SKOR/EŞİK
PERP AAPLSTOCK/USDT:USDT  LONG  phase=NO_EARLY_SETUP   score= 83.0 early=49.7 rr_internal=7.85 rel1h=-0.12 rel4h=-0.03 mc=#9999 gate=90 valid=False qv=6651525 reject=ERKEN KIRILIM/TEYİT/YÖN NETLİĞİ
PERP HOLO/USDT:USDT       SHORT phase=NO_EARLY_SETUP   score= 82.8 early=55.6 rr_internal=4.59 rel1h=-0.40 rel4h=-0.26 mc=# 625 gate=85 valid=False qv=125229 reject=ERKEN KIRILIM/TEYİT/YÖN NETLİĞİ
PERP BESTOCK/USDT:USDT    SHORT phase=NO_EARLY_SETUP   score= 82.7 early=47.3 rr_internal=10.77 rel1h=-0.27 rel4h=+0.07 mc=#9999 gate=90 valid=False qv=162471 reject=ERKEN KIRILIM/TEYİT/YÖN NETLİĞİ
PERP SOLV/USDT:USDT       SHORT phase=NO_EARLY_SETUP   score= 82.5 early=58.5 rr_internal=5.01 rel1h=-0.75 rel4h=+1.15 mc=#9999 gate=90 valid=False qv=114554 reject=ERKEN KIRILIM/TEYİT/YÖN NETLİĞİ
SPOT MAGIC/USDT           YUKARI HAREKET  15m=+0.74% 1h=+3.27% 24h=+108.80% vol=0.22x swap=True discovery=True
SPOT BLOB/USDT            AŞAĞI HAREKET   15m=-9.38% 1h=-6.82% 24h=-72.52% vol=1.54x swap=False discovery=True
SPOT MBK/USDT             AŞAĞI HAREKET   15m=-0.61% 1h=+10.64% 24h=-62.76% vol=0.69x swap=False discovery=True
SPOT GTT/USDT             AŞAĞI HAREKET   15m=-3.05% 1h=-4.71% 24h=-62.23% vol=2.52x swap=False discovery=True
SPOT OKAI/USDT            YUKARI HAREKET  15m=+1.20% 1h=-2.49% 24h=-60.02% vol=0.63x swap=False discovery=True
SPOT KAIA/USDT            YUKARI HAREKET  15m=+3.19% 1h=+3.83% 24h=+54.88% vol=0.20x swap=True discovery=True
SPOT EVT/USDT             YUKARI HAREKET  15m=+0.00% 1h=+11.30% 24h=-46.54% vol=0.00x swap=False discovery=True
SPOT XDP/USDT             AŞAĞI HAREKET   15m=-0.81% 1h=-1.49% 24h=+24.21% vol=0.82x swap=True discovery=True
SPOT US/USDT              YUKARI HAREKET  15m=+1.67% 1h=+1.02% 24h=+23.64% vol=0.20x swap=True discovery=True
SPOT CTX/USDT             AŞAĞI HAREKET   15m=-14.29% 1h=-23.68% 24h=-22.68% vol=1.93x swap=False discovery=True
FIRSAT_KONTROL MAGIC/USDT:USDT      24h=+73.92% perp_qv=15192178 spot_qv=760903 score=66.4 faz=PRE_BREAKOUT neden=ERKEN KIRILIM/TEYİT/YÖN NETLİĞİ
FIRSAT_KONTROL CAP/USDT:USDT        24h=+31.05% perp_qv=1687485 spot_qv=0 score=61.7 faz=NO_EARLY_SETUP neden=ERKEN KIRILIM/TEYİT/YÖN NETLİĞİ
FIRSAT_KONTROL MUSEBOOK/USDT:USDT   24h=+26.75% perp_qv=123734 spot_qv=0 score=70.8 faz=PRE_BREAKOUT neden=ERKEN KIRILIM/TEYİT/YÖN NETLİĞİ
FIRSAT_KONTROL ZC/USDT:USDT         24h=-25.90% perp_qv=144248 spot_qv=0 score=52.6 faz=NO_EARLY_SETUP neden=ERKEN KIRILIM/TEYİT/YÖN NETLİĞİ
FIRSAT_KONTROL XDP/USDT:USDT        24h=+24.21% perp_qv=3014417 spot_qv=5677200 score=59.9 faz=NO_EARLY_SETUP neden=ERKEN KIRILIM/TEYİT/YÖN NETLİĞİ
FIRSAT_KONTROL BATON/USDT:USDT      24h=-22.89% perp_qv=2796385 spot_qv=0 score=59.6 faz=NO_EARLY_SETUP neden=ERKEN KIRILIM/TEYİT/YÖN NETLİĞİ
FIRSAT_KONTROL PAID/USDT:USDT       24h=-21.27% perp_qv=204431 spot_qv=0 score=60.3 faz=NO_EARLY_SETUP neden=ERKEN KIRILIM/TEYİT/YÖN NETLİĞİ
FIRSAT_KONTROL PIXEL/USDT:USDT      24h=+20.85% perp_qv=5418853 spot_qv=0 score=61.3 faz=NO_EARLY_SETUP neden=ERKEN KIRILIM/TEYİT/YÖN NETLİĞİ
FIRSAT_KONTROL RLC/USDT:USDT        24h=+20.59% perp_qv=53423128 spot_qv=1377958 score=78.5 faz=NO_EARLY_SETUP neden=ERKEN KIRILIM/TEYİT/YÖN NETLİĞİ
FIRSAT_KONTROL RHEA/USDT:USDT       24h=+19.40% perp_qv=117028 spot_qv=0 score=69.0 faz=NO_EARLY_SETUP neden=ERKEN KIRILIM/TEYİT/YÖN NETLİĞİ
FIRSAT_KONTROL ALLINU/USDT:USDT     24h=-18.90% perp_qv=102245 spot_qv=0 score=66.5 faz=PRE_BREAKOUT neden=ERKEN KIRILIM/TEYİT/YÖN NETLİĞİ
FIRSAT_KONTROL WHUF/USDT:USDT       24h=-18.58% perp_qv=155556 spot_qv=0 score=analiz yok faz=n/a neden=detaylı analiz listesine girmedi; evren/seçim kontrolü gerekli
FIRSAT_KONTROL US/USDT:USDT         24h=-18.51% perp_qv=13365360 spot_qv=2091724 score=61.8 faz=PRE_BREAKOUT neden=ERKEN KIRILIM/TEYİT/YÖN NETLİĞİ
FIRSAT_KONTROL C98/USDT:USDT        24h=+17.05% perp_qv=575655 spot_qv=0 score=67.2 faz=NO_EARLY_SETUP neden=ERKEN KIRILIM/TEYİT/YÖN NETLİĞİ
FIRSAT_KONTROL JEANPHIL/USDT:USDT   24h=-16.69% perp_qv=114023 spot_qv=0 score=analiz yok faz=n/a neden=detaylı analiz listesine girmedi; evren/seçim kontrolü gerekli
FIRSAT_KONTROL HOOKED/USDT:USDT     24h=-16.66% perp_qv=145314 spot_qv=0 score=analiz yok faz=n/a neden=detaylı analiz listesine girmedi; evren/seçim kontrolü gerekli
FIRSAT_KONTROL ORBIO/USDT:USDT      24h=+16.37% perp_qv=291065 spot_qv=0 score=69.8 faz=NO_EARLY_SETUP neden=ERKEN KIRILIM/TEYİT/YÖN NETLİĞİ
FIRSAT_KONTROL SI/USDT:USDT         24h=-15.42% perp_qv=879521 spot_qv=0 score=56.0 faz=PRE_BREAKOUT neden=ERKEN KIRILIM/TEYİT/YÖN NETLİĞİ
FIRSAT_KONTROL AGENCY/USDT:USDT     24h=+14.84% perp_qv=152200 spot_qv=0 score=analiz yok faz=n/a neden=detaylı analiz listesine girmedi; evren/seçim kontrolü gerekli
FIRSAT_KONTROL WLD/USDT:USDT        24h=+14.72% perp_qv=79987140 spot_qv=903226 score=69.9 faz=NO_EARLY_SETUP neden=ERKEN KIRILIM/TEYİT/YÖN NETLİĞİ
=== 2026-10-10T07:23:46 | BTC4h=NEUTRAL BTC1h=NEUTRAL ETH4h=BEARISH ETH1h=NEUTRAL | perp_taranan=1000 | en_iyi=SMCISTOCK/USDT:USDT 88.3 | marketcap=cache ===
PERP SMCISTOCK/USDT:USDT  SHORT phase=PRE_BREAKOUT     score= 88.3 early=65.6 rr_internal=6.80 rel1h=+0.11 rel4h=-0.04 mc=#9999 gate=90 valid=True qv=194251 reject=SKOR/EŞİK
PERP MET/USDT:USDT        LONG  phase=PRE_BREAKOUT     score= 87.6 early=59.8 rr_internal=4.50 rel1h=+0.81 rel4h=-0.68 mc=# 190 gate=80 valid=True qv=2355989 reject=OK
PERP NOT/USDT:USDT        SHORT phase=NO_EARLY_SETUP   score= 86.0 early=67.1 rr_internal=4.96 rel1h=-0.75 rel4h=-1.18 mc=# 407 gate=80 valid=False qv=202864 reject=ERKEN KIRILIM/TEYİT/YÖN NETLİĞİ
PERP SOXL/USDT:USDT       SHORT phase=PRE_BREAKOUT     score= 85.2 early=66.1 rr_internal=2.77 rel1h=-0.18 rel4h=+0.79 mc=#9999 gate=90 valid=True qv=63420443 reject=SKOR/EŞİK
PERP MANTRA/USDT:USDT     LONG  phase=NO_EARLY_SETUP   score= 83.6 early=69.9 rr_internal=2.20 rel1h=-0.37 rel4h=+1.05 mc=# 624 gate=85 valid=False qv=132970 reject=ERKEN KIRILIM/TEYİT/YÖN NETLİĞİ
PERP YFI/USDT:USDT        SHORT phase=NO_EARLY_SETUP   score= 82.1 early=66.9 rr_internal=4.97 rel1h=-0.30 rel4h=+0.23 mc=# 303 gate=80 valid=False qv=266200 reject=ERKEN KIRILIM/TEYİT/YÖN NETLİĞİ
PERP AZOSTOCK/USDT:USDT   LONG  phase=PRE_BREAKOUT     score= 82.0 early=44.7 rr_internal=196.09 rel1h=+0.16 rel4h=-0.21 mc=#9999 gate=90 valid=False qv=101200 reject=ERKEN KIRILIM/TEYİT/YÖN NETLİĞİ
PERP COHRSTOCK/USDT:USDT  SHORT phase=PRE_BREAKOUT     score= 81.9 early=48.1 rr_internal=6.77 rel1h=+0.08 rel4h=-0.20 mc=#9999 gate=90 valid=True qv=296365 reject=SKOR/EŞİK
PERP AAPLSTOCK/USDT:USDT  LONG  phase=PRE_BREAKOUT     score= 81.5 early=44.8 rr_internal=7.37 rel1h=+0.19 rel4h=-0.03 mc=#9999 gate=90 valid=False qv=6510291 reject=ERKEN KIRILIM/TEYİT/YÖN NETLİĞİ
PERP COMP/USDT:USDT       LONG  phase=NO_EARLY_SETUP   score= 81.4 early=66.4 rr_internal=2.20 rel1h=+1.02 rel4h=-0.03 mc=# 174 gate=80 valid=False qv=324562 reject=ERKEN KIRILIM/TEYİT/YÖN NETLİĞİ
SPOT MAGIC/USDT           YUKARI HAREKET  15m=+1.04% 1h=+1.44% 24h=+101.07% vol=0.26x swap=True discovery=True
SPOT BLOB/USDT            YUKARI HAREKET  15m=+1.45% 1h=-6.79% 24h=-68.10% vol=0.55x swap=False discovery=True
SPOT MBK/USDT             YUKARI HAREKET  15m=+1.57% 1h=+3.62% 24h=-64.30% vol=0.53x swap=False discovery=True
SPOT OKAI/USDT            YUKARI HAREKET  15m=+0.85% 1h=-1.66% 24h=-60.22% vol=0.44x swap=False discovery=True
SPOT GTT/USDT             YUKARI HAREKET  15m=+1.09% 1h=-5.19% 24h=-58.64% vol=1.28x swap=False discovery=True
SPOT KAIA/USDT            AŞAĞI HAREKET   15m=-3.01% 1h=+0.83% 24h=+56.03% vol=0.59x swap=True discovery=True
SPOT EVT/USDT             AŞAĞI HAREKET   15m=-9.64% 1h=-3.78% 24h=-44.74% vol=3.03x swap=False discovery=True
SPOT KRAFT/USDT           YUKARI HAREKET  15m=+3.24% 1h=+3.05% 24h=-24.96% vol=0.75x swap=False discovery=True
SPOT DUST/USDT            YUKARI HAREKET  15m=+0.03% 1h=-4.28% 24h=-24.52% vol=0.11x swap=False discovery=True
SPOT XDP/USDT             YUKARI HAREKET  15m=+0.33% 1h=-0.24% 24h=+22.74% vol=0.90x swap=True discovery=True
FIRSAT_KONTROL MAGIC/USDT:USDT      24h=+67.55% perp_qv=15647303 spot_qv=760987 score=63.0 faz=NO_EARLY_SETUP neden=ERKEN KIRILIM/TEYİT/YÖN NETLİĞİ
FIRSAT_KONTROL LUMIA/USDT:USDT      24h=+36.76% perp_qv=183232 spot_qv=0 score=73.8 faz=NO_EARLY_SETUP neden=ERKEN KIRILIM/TEYİT/YÖN NETLİĞİ
FIRSAT_KONTROL MUSEBOOK/USDT:USDT   24h=+30.01% perp_qv=119300 spot_qv=0 score=73.2 faz=PRE_BREAKOUT neden=SKOR/EŞİK
FIRSAT_KONTROL ZC/USDT:USDT         24h=-28.55% perp_qv=141269 spot_qv=0 score=55.8 faz=NO_EARLY_SETUP neden=ERKEN KIRILIM/TEYİT/YÖN NETLİĞİ
FIRSAT_KONTROL CAP/USDT:USDT        24h=+28.17% perp_qv=1760040 spot_qv=0 score=60.1 faz=NO_EARLY_SETUP neden=ERKEN KIRILIM/TEYİT/YÖN NETLİĞİ
FIRSAT_KONTROL ORBIO/USDT:USDT      24h=+24.54% perp_qv=289441 spot_qv=0 score=65.6 faz=NO_EARLY_SETUP neden=ERKEN KIRILIM/TEYİT/YÖN NETLİĞİ
FIRSAT_KONTROL BATON/USDT:USDT      24h=-23.18% perp_qv=2636110 spot_qv=0 score=59.3 faz=NO_EARLY_SETUP neden=ERKEN KIRILIM/TEYİT/YÖN NETLİĞİ
FIRSAT_KONTROL XDP/USDT:USDT        24h=+22.74% perp_qv=2997522 spot_qv=5701278 score=56.7 faz=NO_EARLY_SETUP neden=ERKEN KIRILIM/TEYİT/YÖN NETLİĞİ
FIRSAT_KONTROL US/USDT:USDT         24h=-21.48% perp_qv=13330526 spot_qv=2055771 score=69.0 faz=PRE_BREAKOUT neden=SKOR/EŞİK
FIRSAT_KONTROL WHUF/USDT:USDT       24h=-21.08% perp_qv=152047 spot_qv=0 score=analiz yok faz=n/a neden=detaylı analiz listesine girmedi; evren/seçim kontrolü gerekli
FIRSAT_KONTROL RHEA/USDT:USDT       24h=+21.03% perp_qv=113913 spot_qv=0 score=63.5 faz=NO_EARLY_SETUP neden=ERKEN KIRILIM/TEYİT/YÖN NETLİĞİ
FIRSAT_KONTROL ALLINU/USDT:USDT     24h=-19.94% perp_qv=99252 spot_qv=0 score=analiz yok faz=n/a neden=detaylı tarama dışında: normal vadeli hacim eşiğinin altında ve spot radar önceliği yok
FIRSAT_KONTROL PAID/USDT:USDT       24h=-19.68% perp_qv=200683 spot_qv=0 score=60.6 faz=NO_EARLY_SETUP neden=ERKEN KIRILIM/TEYİT/YÖN NETLİĞİ
FIRSAT_KONTROL PIXEL/USDT:USDT      24h=+19.67% perp_qv=5544406 spot_qv=0 score=68.5 faz=NO_EARLY_SETUP neden=ERKEN KIRILIM/TEYİT/YÖN NETLİĞİ
FIRSAT_KONTROL RLC/USDT:USDT        24h=+18.45% perp_qv=45799806 spot_qv=1357647 score=66.8 faz=NO_EARLY_SETUP neden=ERKEN KIRILIM/TEYİT/YÖN NETLİĞİ
FIRSAT_KONTROL SI/USDT:USDT         24h=-16.64% perp_qv=848588 spot_qv=0 score=60.9 faz=PRE_BREAKOUT neden=ERKEN KIRILIM/TEYİT/YÖN NETLİĞİ
FIRSAT_KONTROL HOOKED/USDT:USDT     24h=-16.44% perp_qv=141943 spot_qv=0 score=analiz yok faz=n/a neden=detaylı analiz listesine girmedi; evren/seçim kontrolü gerekli
FIRSAT_KONTROL C98/USDT:USDT        24h=+15.65% perp_qv=589901 spot_qv=0 score=54.3 faz=NO_EARLY_SETUP neden=ERKEN KIRILIM/TEYİT/YÖN NETLİĞİ
FIRSAT_KONTROL AGENCY/USDT:USDT     24h=+15.39% perp_qv=149075 spot_qv=0 score=analiz yok faz=n/a neden=detaylı analiz listesine girmedi; evren/seçim kontrolü gerekli
FIRSAT_KONTROL DARK/USDT:USDT       24h=-15.27% perp_qv=270711 spot_qv=0 score=analiz yok faz=n/a neden=detaylı analiz listesine girmedi; evren/seçim kontrolü gerekli
=== 2026-10-10T07:43:03 | BTC4h=NEUTRAL BTC1h=NEUTRAL ETH4h=BEARISH ETH1h=NEUTRAL | perp_taranan=1056 | en_iyi=SMCISTOCK/USDT:USDT 89.0 | marketcap=cache ===
PERP SMCISTOCK/USDT:USDT  SHORT phase=PRE_BREAKOUT     score= 89.0 early=67.1 rr_internal=6.81 rel1h=+0.11 rel4h=-0.04 mc=#9999 gate=90 valid=True qv=242418 reject=SKOR/EŞİK
PERP AZOSTOCK/USDT:USDT   LONG  phase=PRE_BREAKOUT     score= 85.2 early=52.2 rr_internal=194.94 rel1h=+0.16 rel4h=-0.21 mc=#9999 gate=90 valid=True qv=102500 reject=SKOR/EŞİK
PERP MET/USDT:USDT        LONG  phase=PRE_BREAKOUT     score= 84.4 early=54.4 rr_internal=4.53 rel1h=+0.81 rel4h=-0.68 mc=# 190 gate=80 valid=True qv=2370434 reject=OK
PERP IOTSTOCK/USDT:USDT   LONG  phase=PRE_BREAKOUT     score= 82.9 early=49.3 rr_internal=6.28 rel1h=+0.09 rel4h=+0.05 mc=#9999 gate=90 valid=True qv=118706 reject=SKOR/EŞİK
PERP TMOSTOCK/USDT:USDT   SHORT phase=NO_EARLY_SETUP   score= 82.9 early=41.4 rr_internal=3.55 rel1h=+0.18 rel4h=+0.13 mc=#9999 gate=90 valid=False qv=101633 reject=ERKEN KIRILIM/TEYİT/YÖN NETLİĞİ
PERP NOT/USDT:USDT        SHORT phase=NO_EARLY_SETUP   score= 82.5 early=59.8 rr_internal=4.93 rel1h=-0.75 rel4h=-1.18 mc=# 407 gate=80 valid=False qv=206194 reject=ERKEN KIRILIM/TEYİT/YÖN NETLİĞİ
PERP CVC/USDT:USDT        SHORT phase=NO_EARLY_SETUP   score= 81.8 early=48.5 rr_internal=5.00 rel1h=-0.07 rel4h=+1.67 mc=# 628 gate=85 valid=False qv=198664 reject=ERKEN KIRILIM/TEYİT/YÖN NETLİĞİ
PERP LUNANEW/USDT:USDT    SHORT phase=NO_EARLY_SETUP   score= 81.8 early=64.7 rr_internal=4.32 rel1h=-0.09 rel4h=-0.28 mc=#9999 gate=90 valid=False qv=371074 reject=ERKEN KIRILIM/TEYİT/YÖN NETLİĞİ
PERP SAHARA/USDT:USDT     SHORT phase=NO_EARLY_SETUP   score= 81.8 early=59.8 rr_internal=4.39 rel1h=-0.33 rel4h=+1.30 mc=# 674 gate=85 valid=False qv=141839 reject=ERKEN KIRILIM/TEYİT/YÖN NETLİĞİ
PERP VELVET/USDT:USDT     LONG  phase=PRE_BREAKOUT     score= 81.5 early=58.4 rr_internal=1.59 rel1h=+0.03 rel4h=+0.11 mc=#9999 gate=90 valid=True qv=859477 reject=SKOR/EŞİK
SPOT BLOB/USDT            AŞAĞI HAREKET   15m=-4.89% 1h=-5.64% 24h=-83.65% vol=0.85x swap=False discovery=True
SPOT MAGIC/USDT           AŞAĞI HAREKET   15m=-7.93% 1h=-9.79% 24h=+81.18% vol=3.28x swap=True discovery=True
SPOT GTT/USDT             AŞAĞI HAREKET   15m=-2.33% 1h=-3.52% 24h=-65.94% vol=0.55x swap=False discovery=True
SPOT MBK/USDT             AŞAĞI HAREKET   15m=-2.71% 1h=-0.14% 24h=-64.00% vol=0.96x swap=False discovery=True
SPOT OKAI/USDT            AŞAĞI HAREKET   15m=-2.23% 1h=+5.68% 24h=-61.54% vol=0.34x swap=False discovery=True
SPOT KAIA/USDT            AŞAĞI HAREKET   15m=-1.63% 1h=-1.44% 24h=+52.96% vol=1.17x swap=True discovery=True
SPOT EVT/USDT             AŞAĞI HAREKET   15m=-3.26% 1h=-9.64% 24h=-49.14% vol=0.22x swap=False discovery=True
SPOT DUST/USDT            YUKARI HAREKET  15m=+0.36% 1h=-7.62% 24h=-25.71% vol=0.87x swap=False discovery=True
SPOT KRAFT/USDT           AŞAĞI HAREKET   15m=-4.78% 1h=+6.69% 24h=-25.58% vol=0.69x swap=False discovery=True
SPOT MINT/USDT            AŞAĞI HAREKET   15m=-5.46% 1h=+1.58% 24h=-25.24% vol=0.31x swap=False discovery=True
FIRSAT_KONTROL LUMIA/USDT:USDT      24h=+59.57% perp_qv=503760 spot_qv=0 score=65.9 faz=NO_EARLY_SETUP neden=ERKEN KIRILIM/TEYİT/YÖN NETLİĞİ
FIRSAT_KONTROL MAGIC/USDT:USDT      24h=+49.31% perp_qv=16910783 spot_qv=779852 score=71.4 faz=NO_EARLY_SETUP neden=ERKEN KIRILIM/TEYİT/YÖN NETLİĞİ
FIRSAT_KONTROL ZC/USDT:USDT         24h=-31.33% perp_qv=142861 spot_qv=0 score=56.9 faz=PRE_BREAKOUT neden=ERKEN KIRILIM/TEYİT/YÖN NETLİĞİ
FIRSAT_KONTROL MUSEBOOK/USDT:USDT   24h=+31.06% perp_qv=120980 spot_qv=0 score=71.8 faz=PRE_BREAKOUT neden=SKOR/EŞİK
FIRSAT_KONTROL CAP/USDT:USDT        24h=+28.37% perp_qv=1826432 spot_qv=0 score=58.7 faz=NO_EARLY_SETUP neden=ERKEN KIRILIM/TEYİT/YÖN NETLİĞİ
FIRSAT_KONTROL US/USDT:USDT         24h=-24.83% perp_qv=13498778 spot_qv=1993064 score=69.8 faz=NO_EARLY_SETUP neden=ERKEN KIRILIM/TEYİT/YÖN NETLİĞİ
FIRSAT_KONTROL BATON/USDT:USDT      24h=-23.15% perp_qv=2641356 spot_qv=0 score=58.6 faz=NO_EARLY_SETUP neden=ERKEN KIRILIM/TEYİT/YÖN NETLİĞİ
FIRSAT_KONTROL ORBIO/USDT:USDT      24h=+21.11% perp_qv=292849 spot_qv=0 score=69.9 faz=NO_EARLY_SETUP neden=ERKEN KIRILIM/TEYİT/YÖN NETLİĞİ
FIRSAT_KONTROL XDP/USDT:USDT        24h=+20.82% perp_qv=2999742 spot_qv=5687119 score=51.2 faz=NO_EARLY_SETUP neden=ERKEN KIRILIM/TEYİT/YÖN NETLİĞİ
FIRSAT_KONTROL PAID/USDT:USDT       24h=-20.47% perp_qv=202308 spot_qv=0 score=61.6 faz=NO_EARLY_SETUP neden=ERKEN KIRILIM/TEYİT/YÖN NETLİĞİ
FIRSAT_KONTROL WHUF/USDT:USDT       24h=-20.26% perp_qv=153457 spot_qv=0 score=analiz yok faz=n/a neden=detaylı analiz listesine girmedi; evren/seçim kontrolü gerekli
FIRSAT_KONTROL RHEA/USDT:USDT       24h=+19.95% perp_qv=115128 spot_qv=0 score=68.8 faz=NO_EARLY_SETUP neden=ERKEN KIRILIM/TEYİT/YÖN NETLİĞİ
FIRSAT_KONTROL ALLINU/USDT:USDT     24h=-19.28% perp_qv=100412 spot_qv=0 score=63.9 faz=PRE_BREAKOUT neden=ERKEN KIRILIM/TEYİT/YÖN NETLİĞİ
FIRSAT_KONTROL ARPA/USDT:USDT       24h=+16.95% perp_qv=158111 spot_qv=0 score=78.1 faz=NO_EARLY_SETUP neden=ERKEN KIRILIM/TEYİT/YÖN NETLİĞİ
FIRSAT_KONTROL RLC/USDT:USDT        24h=+16.52% perp_qv=46072765 spot_qv=1342131 score=61.6 faz=NO_EARLY_SETUP neden=ERKEN KIRILIM/TEYİT/YÖN NETLİĞİ
FIRSAT_KONTROL PIXEL/USDT:USDT      24h=+16.05% perp_qv=5764752 spot_qv=0 score=69.8 faz=NO_EARLY_SETUP neden=ERKEN KIRILIM/TEYİT/YÖN NETLİĞİ
FIRSAT_KONTROL SI/USDT:USDT         24h=-15.88% perp_qv=851244 spot_qv=0 score=55.9 faz=PRE_BREAKOUT neden=ERKEN KIRILIM/TEYİT/YÖN NETLİĞİ
FIRSAT_KONTROL GSTOCK/USDT:USDT     24h=+15.05% perp_qv=112144 spot_qv=0 score=77.5 faz=NO_EARLY_SETUP neden=ERKEN KIRILIM/TEYİT/YÖN NETLİĞİ
FIRSAT_KONTROL OGN/USDT:USDT        24h=-14.98% perp_qv=2956336 spot_qv=901087 score=55.5 faz=PRE_BREAKOUT neden=ERKEN KIRILIM/TEYİT/YÖN NETLİĞİ
FIRSAT_KONTROL JEANPHIL/USDT:USDT   24h=-14.21% perp_qv=117028 spot_qv=0 score=analiz yok faz=n/a neden=detaylı analiz listesine girmedi; evren/seçim kontrolü gerekli
=== 2026-10-10T07:58:12 | BTC4h=NEUTRAL BTC1h=NEUTRAL ETH4h=BEARISH ETH1h=NEUTRAL | perp_taranan=1064 | en_iyi=SMCISTOCK/USDT:USDT 88.4 | marketcap=cache ===
PERP SMCISTOCK/USDT:USDT  SHORT phase=NO_EARLY_SETUP   score= 88.4 early=66.1 rr_internal=6.82 rel1h=+0.11 rel4h=-0.04 mc=#9999 gate=90 valid=False qv=268134 reject=ERKEN KIRILIM/TEYİT/YÖN NETLİĞİ
PERP RKLBSTOCK/USDT:USDT  SHORT phase=NO_EARLY_SETUP   score= 88.4 early=63.2 rr_internal=6.88 rel1h=+0.01 rel4h=-0.10 mc=#9999 gate=90 valid=False qv=433447 reject=ERKEN KIRILIM/TEYİT/YÖN NETLİĞİ
PERP MUSTOCK/USDT:USDT    SHORT phase=NO_EARLY_SETUP   score= 87.9 early=60.5 rr_internal=6.85 rel1h=-0.05 rel4h=+0.34 mc=#9999 gate=90 valid=False qv=189999810 reject=ERKEN KIRILIM/TEYİT/YÖN NETLİĞİ
PERP SOXS/USDT:USDT       LONG  phase=PRE_BREAKOUT     score= 86.3 early=64.7 rr_internal=2.89 rel1h=+0.57 rel4h=-0.97 mc=#9999 gate=90 valid=True qv=29841093 reject=SKOR/EŞİK
PERP MEW/USDT:USDT        SHORT phase=NO_EARLY_SETUP   score= 86.0 early=57.8 rr_internal=3.53 rel1h=-0.07 rel4h=+0.78 mc=# 445 gate=80 valid=False qv=127890 reject=ERKEN KIRILIM/TEYİT/YÖN NETLİĞİ
PERP NBISSTOCK/USDT:USDT  SHORT phase=NO_EARLY_SETUP   score= 84.6 early=56.1 rr_internal=5.48 rel1h=-0.27 rel4h=+0.69 mc=#9999 gate=90 valid=False qv=1812465 reject=ERKEN KIRILIM/TEYİT/YÖN NETLİĞİ
PERP MORPHO/USDT:USDT     SHORT phase=NO_EARLY_SETUP   score= 84.4 early=66.7 rr_internal=2.04 rel1h=-0.53 rel4h=-0.03 mc=# 116 gate=80 valid=False qv=375313 reject=ERKEN KIRILIM/TEYİT/YÖN NETLİĞİ
PERP SOXL/USDT:USDT       SHORT phase=PRE_BREAKOUT     score= 84.0 early=64.9 rr_internal=2.65 rel1h=-0.18 rel4h=+0.79 mc=#9999 gate=90 valid=True qv=63515204 reject=SKOR/EŞİK
PERP GOAT/USDT:USDT       SHORT phase=NO_EARLY_SETUP   score= 83.6 early=66.9 rr_internal=3.26 rel1h=-0.32 rel4h=+0.48 mc=# 704 gate=85 valid=False qv=116198 reject=ERKEN KIRILIM/TEYİT/YÖN NETLİĞİ
PERP AZOSTOCK/USDT:USDT   LONG  phase=PRE_BREAKOUT     score= 83.0 early=50.0 rr_internal=203.93 rel1h=+0.16 rel4h=-0.21 mc=#9999 gate=90 valid=True qv=103542 reject=SKOR/EŞİK
SPOT BLOB/USDT            AŞAĞI HAREKET   15m=-3.89% 1h=+0.07% 24h=-87.97% vol=0.79x swap=False discovery=True
SPOT GTT/USDT             YUKARI HAREKET  15m=+1.51% 1h=+1.02% 24h=-69.46% vol=1.70x swap=False discovery=True
SPOT MBK/USDT             AŞAĞI HAREKET   15m=-1.22% 1h=-0.75% 24h=-68.06% vol=0.36x swap=False discovery=True
SPOT EVT/USDT             YUKARI HAREKET  15m=+3.82% 1h=-6.19% 24h=-62.28% vol=0.04x swap=False discovery=True
SPOT OKAI/USDT            YUKARI HAREKET  15m=+0.00% 1h=+4.42% 24h=-54.92% vol=0.82x swap=False discovery=True
SPOT KAIA/USDT            YUKARI HAREKET  15m=+0.73% 1h=-3.79% 24h=+51.32% vol=0.26x swap=True discovery=True
SPOT MINT/USDT            YUKARI HAREKET  15m=+5.87% 1h=+3.47% 24h=-35.00% vol=0.89x swap=False discovery=True
SPOT MAGIC/USDT           AŞAĞI HAREKET   15m=-23.05% 1h=-31.09% 24h=+29.28% vol=4.64x swap=True discovery=True
SPOT KRAFT/USDT           YUKARI HAREKET  15m=+5.02% 1h=+3.82% 24h=-26.97% vol=2.45x swap=False discovery=True
SPOT DUST/USDT            YUKARI HAREKET  15m=+4.37% 1h=-2.93% 24h=-26.46% vol=4.13x swap=False discovery=True
FIRSAT_KONTROL LUMIA/USDT:USDT      24h=+63.82% perp_qv=835903 spot_qv=0 score=65.1 faz=NO_EARLY_SETUP neden=ERKEN KIRILIM/TEYİT/YÖN NETLİĞİ
FIRSAT_KONTROL KAIA/USDT:USDT       24h=+51.32% perp_qv=14535195 spot_qv=896384 score=53.7 faz=NO_EARLY_SETUP neden=ERKEN KIRILIM/TEYİT/YÖN NETLİĞİ
FIRSAT_KONTROL MUSEBOOK/USDT:USDT   24h=+33.07% perp_qv=122910 spot_qv=0 score=74.1 faz=NO_EARLY_SETUP neden=ERKEN KIRILIM/TEYİT/YÖN NETLİĞİ
FIRSAT_KONTROL ZC/USDT:USDT         24h=-29.91% perp_qv=144495 spot_qv=0 score=53.8 faz=NO_EARLY_SETUP neden=ERKEN KIRILIM/TEYİT/YÖN NETLİĞİ
FIRSAT_KONTROL CAP/USDT:USDT        24h=+26.54% perp_qv=1922405 spot_qv=0 score=52.5 faz=NO_EARLY_SETUP neden=ERKEN KIRILIM/TEYİT/YÖN NETLİĞİ
FIRSAT_KONTROL US/USDT:USDT         24h=-24.57% perp_qv=13547322 spot_qv=1918580 score=57.4 faz=PRE_BREAKOUT neden=ERKEN KIRILIM/TEYİT/YÖN NETLİĞİ
FIRSAT_KONTROL BATON/USDT:USDT      24h=-24.34% perp_qv=2647391 spot_qv=0 score=60.6 faz=PRE_BREAKOUT neden=ERKEN KIRILIM/TEYİT/YÖN NETLİĞİ
FIRSAT_KONTROL ORBIO/USDT:USDT      24h=+21.98% perp_qv=294412 spot_qv=0 score=62.7 faz=NO_EARLY_SETUP neden=ERKEN KIRILIM/TEYİT/YÖN NETLİĞİ
FIRSAT_KONTROL PAID/USDT:USDT       24h=-21.86% perp_qv=203923 spot_qv=0 score=59.3 faz=NO_EARLY_SETUP neden=ERKEN KIRILIM/TEYİT/YÖN NETLİĞİ
FIRSAT_KONTROL RHEA/USDT:USDT       24h=+20.33% perp_qv=116504 spot_qv=0 score=64.2 faz=NO_EARLY_SETUP neden=ERKEN KIRILIM/TEYİT/YÖN NETLİĞİ
FIRSAT_KONTROL ALLINU/USDT:USDT     24h=-20.06% perp_qv=101493 spot_qv=0 score=66.1 faz=PRE_BREAKOUT neden=ERKEN KIRILIM/TEYİT/YÖN NETLİĞİ
FIRSAT_KONTROL WHUF/USDT:USDT       24h=-18.64% perp_qv=154836 spot_qv=0 score=analiz yok faz=n/a neden=detaylı analiz listesine girmedi; evren/seçim kontrolü gerekli
FIRSAT_KONTROL ARPA/USDT:USDT       24h=+18.49% perp_qv=221538 spot_qv=0 score=70.3 faz=NO_EARLY_SETUP neden=ERKEN KIRILIM/TEYİT/YÖN NETLİĞİ
FIRSAT_KONTROL XDP/USDT:USDT        24h=+17.47% perp_qv=3018585 spot_qv=5800040 score=69.5 faz=NO_EARLY_SETUP neden=ERKEN KIRILIM/TEYİT/YÖN NETLİĞİ
FIRSAT_KONTROL SI/USDT:USDT         24h=-16.79% perp_qv=854253 spot_qv=0 score=57.9 faz=PRE_BREAKOUT neden=ERKEN KIRILIM/TEYİT/YÖN NETLİĞİ
FIRSAT_KONTROL GSTOCK/USDT:USDT     24h=+14.92% perp_qv=113359 spot_qv=0 score=67.7 faz=PRE_BREAKOUT neden=ERKEN KIRILIM/TEYİT/YÖN NETLİĞİ
FIRSAT_KONTROL RLC/USDT:USDT        24h=+14.79% perp_qv=46243642 spot_qv=1325318 score=60.2 faz=NO_EARLY_SETUP neden=ERKEN KIRILIM/TEYİT/YÖN NETLİĞİ
FIRSAT_KONTROL TREAD/USDT:USDT      24h=+14.78% perp_qv=104015 spot_qv=0 score=68.1 faz=NO_EARLY_SETUP neden=ERKEN KIRILIM/TEYİT/YÖN NETLİĞİ
FIRSAT_KONTROL OGN/USDT:USDT        24h=-14.55% perp_qv=2960592 spot_qv=897614 score=66.8 faz=NO_EARLY_SETUP neden=ERKEN KIRILIM/TEYİT/YÖN NETLİĞİ
FIRSAT_KONTROL JEANPHIL/USDT:USDT   24h=-14.38% perp_qv=118496 spot_qv=0 score=analiz yok faz=n/a neden=detaylı analiz listesine girmedi; evren/seçim kontrolü gerekli
=== 2026-10-10T08:10:56 | BTC4h=NEUTRAL BTC1h=NEUTRAL ETH4h=BEARISH ETH1h=NEUTRAL | perp_taranan=1065 | en_iyi=XAUT/USDT:USDT 83.9 | marketcap=cache ===
PERP XAUT/USDT:USDT       LONG  phase=PRE_BREAKOUT     score= 83.9 early=60.4 rr_internal=3.02 rel1h=+0.21 rel4h=-0.06 mc=#  86 gate=80 valid=True qv=122792496 reject=OK
PERP HEI/USDT:USDT        SHORT phase=NO_EARLY_SETUP   score= 83.8 early=48.0 rr_internal=3.57 rel1h=-0.08 rel4h=-0.55 mc=#9999 gate=90 valid=False qv=126420 reject=ERKEN KIRILIM/TEYİT/YÖN NETLİĞİ
PERP TURBO/USDT:USDT      SHORT phase=NO_EARLY_SETUP   score= 83.7 early=59.4 rr_internal=4.77 rel1h=-0.29 rel4h=-0.60 mc=# 324 gate=80 valid=False qv=279485 reject=ERKEN KIRILIM/TEYİT/YÖN NETLİĞİ
PERP XPT/USDT:USDT        SHORT phase=NO_EARLY_SETUP   score= 83.7 early=53.7 rr_internal=4.65 rel1h=+0.13 rel4h=-0.11 mc=#9999 gate=90 valid=False qv=4231078 reject=ERKEN KIRILIM/TEYİT/YÖN NETLİĞİ
PERP AZOSTOCK/USDT:USDT   LONG  phase=PRE_BREAKOUT     score= 82.8 early=45.2 rr_internal=208.11 rel1h=+0.14 rel4h=+0.14 mc=#9999 gate=90 valid=False qv=104377 reject=ERKEN KIRILIM/TEYİT/YÖN NETLİĞİ
PERP CLO/USDT:USDT        LONG  phase=PRE_BREAKOUT     score= 82.4 early=81.9 rr_internal=2.20 rel1h=+2.40 rel4h=+4.17 mc=#9999 gate=90 valid=True qv=143566 reject=SKOR/EŞİK
PERP PGRSTOCK/USDT:USDT   LONG  phase=PRE_BREAKOUT     score= 82.2 early=49.6 rr_internal=9.14 rel1h=+0.39 rel4h=+0.08 mc=#9999 gate=90 valid=True qv=101064 reject=SKOR/EŞİK
PERP DRAM/USDT:USDT       SHORT phase=PRE_BREAKOUT     score= 81.6 early=55.8 rr_internal=4.06 rel1h=+0.12 rel4h=-0.19 mc=#9999 gate=90 valid=True qv=3598046 reject=SKOR/EŞİK
PERP UAI/USDT:USDT        LONG  phase=PRE_BREAKOUT     score= 81.4 early=76.0 rr_internal=1.74 rel1h=+2.59 rel4h=+2.43 mc=# 305 gate=80 valid=True qv=1443467 reject=HEDEF/STOP GEOMETRİSİ UYGUN DEĞİL
PERP HK1810/USDT:USDT     LONG  phase=PRE_BREAKOUT     score= 81.3 early=48.8 rr_internal=3.20 rel1h=+0.31 rel4h=+0.09 mc=#9999 gate=90 valid=True qv=117617 reject=SKOR/EŞİK
SPOT BLOB/USDT            AŞAĞI HAREKET   15m=-3.89% 1h=+0.07% 24h=-89.17% vol=0.79x swap=False discovery=True
SPOT MBK/USDT             AŞAĞI HAREKET   15m=-1.22% 1h=-0.75% 24h=-74.44% vol=0.36x swap=False discovery=True
SPOT GTT/USDT             YUKARI HAREKET  15m=+1.51% 1h=+1.02% 24h=-72.15% vol=1.70x swap=False discovery=True
SPOT KAIA/USDT            YUKARI HAREKET  15m=+0.73% 1h=-3.79% 24h=+52.75% vol=0.26x swap=True discovery=True
SPOT EVT/USDT             YUKARI HAREKET  15m=+3.82% 1h=-6.19% 24h=-52.53% vol=0.04x swap=False discovery=True
SPOT OKAI/USDT            YUKARI HAREKET  15m=+0.00% 1h=+4.42% 24h=-52.37% vol=0.82x swap=False discovery=True
SPOT MAGIC/USDT           AŞAĞI HAREKET   15m=-23.05% 1h=-31.09% 24h=+44.37% vol=4.64x swap=True discovery=True
SPOT MINT/USDT            YUKARI HAREKET  15m=+5.87% 1h=+3.47% 24h=-34.72% vol=0.89x swap=False discovery=True
SPOT KRAFT/USDT           YUKARI HAREKET  15m=+5.02% 1h=+3.82% 24h=-32.20% vol=2.45x swap=False discovery=True
SPOT ZANO/USDT            AŞAĞI HAREKET   15m=-0.03% 1h=+0.41% 24h=+20.45% vol=1.23x swap=False discovery=True
FIRSAT_KONTROL LUMIA/USDT:USDT      24h=+53.80% perp_qv=1169375 spot_qv=0 score=65.1 faz=NO_EARLY_SETUP neden=ERKEN KIRILIM/TEYİT/YÖN NETLİĞİ
FIRSAT_KONTROL MUSEBOOK/USDT:USDT   24h=+29.91% perp_qv=123975 spot_qv=0 score=74.1 faz=NO_EARLY_SETUP neden=ERKEN KIRILIM/TEYİT/YÖN NETLİĞİ
FIRSAT_KONTROL ZC/USDT:USDT         24h=-26.58% perp_qv=145516 spot_qv=0 score=53.8 faz=NO_EARLY_SETUP neden=ERKEN KIRILIM/TEYİT/YÖN NETLİĞİ
FIRSAT_KONTROL US/USDT:USDT         24h=-24.13% perp_qv=13573433 spot_qv=1848680 score=57.4 faz=PRE_BREAKOUT neden=ERKEN KIRILIM/TEYİT/YÖN NETLİĞİ
FIRSAT_KONTROL BATON/USDT:USDT      24h=-23.77% perp_qv=2650938 spot_qv=0 score=60.6 faz=PRE_BREAKOUT neden=ERKEN KIRILIM/TEYİT/YÖN NETLİĞİ
FIRSAT_KONTROL ORBIO/USDT:USDT      24h=+23.32% perp_qv=295624 spot_qv=0 score=62.7 faz=NO_EARLY_SETUP neden=ERKEN KIRILIM/TEYİT/YÖN NETLİĞİ
FIRSAT_KONTROL PAID/USDT:USDT       24h=-22.46% perp_qv=205223 spot_qv=0 score=59.3 faz=NO_EARLY_SETUP neden=ERKEN KIRILIM/TEYİT/YÖN NETLİĞİ
FIRSAT_KONTROL CAP/USDT:USDT        24h=+22.08% perp_qv=2001752 spot_qv=0 score=52.5 faz=NO_EARLY_SETUP neden=ERKEN KIRILIM/TEYİT/YÖN NETLİĞİ
FIRSAT_KONTROL MAGIC/USDT:USDT      24h=+22.00% perp_qv=19438840 spot_qv=857327 score=67.4 faz=NO_EARLY_SETUP neden=ERKEN KIRILIM/TEYİT/YÖN NETLİĞİ
FIRSAT_KONTROL ALLINU/USDT:USDT     24h=-21.25% perp_qv=102314 spot_qv=0 score=66.1 faz=PRE_BREAKOUT neden=ERKEN KIRILIM/TEYİT/YÖN NETLİĞİ
FIRSAT_KONTROL RHEA/USDT:USDT       24h=+20.53% perp_qv=117489 spot_qv=0 score=64.2 faz=NO_EARLY_SETUP neden=ERKEN KIRILIM/TEYİT/YÖN NETLİĞİ
FIRSAT_KONTROL XDP/USDT:USDT        24h=+20.26% perp_qv=3026145 spot_qv=5849609 score=69.5 faz=NO_EARLY_SETUP neden=ERKEN KIRILIM/TEYİT/YÖN NETLİĞİ
FIRSAT_KONTROL WHUF/USDT:USDT       24h=-17.84% perp_qv=156199 spot_qv=0 score=analiz yok faz=n/a neden=detaylı analiz listesine girmedi; evren/seçim kontrolü gerekli
FIRSAT_KONTROL SI/USDT:USDT         24h=-17.02% perp_qv=861226 spot_qv=0 score=57.9 faz=PRE_BREAKOUT neden=ERKEN KIRILIM/TEYİT/YÖN NETLİĞİ
FIRSAT_KONTROL GSTOCK/USDT:USDT     24h=+16.98% perp_qv=115050 spot_qv=0 score=67.7 faz=PRE_BREAKOUT neden=ERKEN KIRILIM/TEYİT/YÖN NETLİĞİ
FIRSAT_KONTROL ARPA/USDT:USDT       24h=+15.02% perp_qv=283516 spot_qv=0 score=70.3 faz=NO_EARLY_SETUP neden=ERKEN KIRILIM/TEYİT/YÖN NETLİĞİ
FIRSAT_KONTROL STOCKER/USDT:USDT    24h=-14.24% perp_qv=106853 spot_qv=0 score=62.6 faz=NO_EARLY_SETUP neden=ERKEN KIRILIM/TEYİT/YÖN NETLİĞİ
FIRSAT_KONTROL NIGHT/USDT:USDT      24h=+14.13% perp_qv=2322828 spot_qv=0 score=76.8 faz=NO_EARLY_SETUP neden=ERKEN KIRILIM/TEYİT/YÖN NETLİĞİ
FIRSAT_KONTROL C98/USDT:USDT        24h=+13.74% perp_qv=619014 spot_qv=0 score=54.3 faz=NO_EARLY_SETUP neden=ERKEN KIRILIM/TEYİT/YÖN NETLİĞİ
FIRSAT_KONTROL GMBSC/USDT:USDT      24h=-13.74% perp_qv=311315 spot_qv=0 score=64.9 faz=NO_EARLY_SETUP neden=ERKEN KIRILIM/TEYİT/YÖN NETLİĞİ
=== 2026-10-10T08:22:54 | BTC4h=NEUTRAL BTC1h=NEUTRAL ETH4h=BEARISH ETH1h=NEUTRAL | perp_taranan=991 | en_iyi=NBISSTOCK/USDT:USDT 85.1 | marketcap=cache ===
PERP NBISSTOCK/USDT:USDT  SHORT phase=PRE_BREAKOUT     score= 85.1 early=59.0 rr_internal=5.15 rel1h=-0.02 rel4h=-0.47 mc=#9999 gate=90 valid=False qv=1675156 reject=ERKEN KIRILIM/TEYİT/YÖN NETLİĞİ
PERP AZOSTOCK/USDT:USDT   LONG  phase=PRE_BREAKOUT     score= 84.8 early=48.5 rr_internal=210.00 rel1h=-0.09 rel4h=+0.01 mc=#9999 gate=90 valid=True qv=101175 reject=SKOR/EŞİK
PERP MSTRSTOCK/USDT:USDT  LONG  phase=NO_EARLY_SETUP   score= 84.3 early=67.9 rr_internal=5.49 rel1h=-0.03 rel4h=+0.44 mc=#9999 gate=90 valid=False qv=13018971 reject=ERKEN KIRILIM/TEYİT/YÖN NETLİĞİ
PERP SIGN/USDT:USDT       LONG  phase=NO_EARLY_SETUP   score= 84.3 early=46.8 rr_internal=2.60 rel1h=+0.32 rel4h=+0.47 mc=# 726 gate=85 valid=False qv=107685 reject=ERKEN KIRILIM/TEYİT/YÖN NETLİĞİ
PERP SENT/USDT:USDT       SHORT phase=NO_EARLY_SETUP   score= 83.9 early=77.9 rr_internal=2.20 rel1h=-3.64 rel4h=-1.77 mc=#9999 gate=90 valid=False qv=740594 reject=ERKEN KIRILIM/TEYİT/YÖN NETLİĞİ
PERP RUNE/USDT:USDT       SHORT phase=NO_EARLY_SETUP   score= 83.6 early=64.1 rr_internal=3.78 rel1h=-0.15 rel4h=-0.47 mc=# 173 gate=80 valid=False qv=871213 reject=ERKEN KIRILIM/TEYİT/YÖN NETLİĞİ
PERP IOTSTOCK/USDT:USDT   LONG  phase=NO_EARLY_SETUP   score= 82.9 early=49.9 rr_internal=6.27 rel1h=-0.12 rel4h=-0.34 mc=#9999 gate=90 valid=False qv=117272 reject=ERKEN KIRILIM/TEYİT/YÖN NETLİĞİ
PERP SAMSUNGSTOCK/USDT:USDT SHORT phase=PRE_BREAKOUT     score= 82.7 early=61.9 rr_internal=3.69 rel1h=-0.11 rel4h=-0.26 mc=#9999 gate=90 valid=False qv=3789253 reject=ERKEN KIRILIM/TEYİT/YÖN NETLİĞİ
PERP TURBO/USDT:USDT      SHORT phase=NO_EARLY_SETUP   score= 82.3 early=57.4 rr_internal=4.43 rel1h=-0.52 rel4h=-0.73 mc=# 324 gate=80 valid=False qv=275773 reject=ERKEN KIRILIM/TEYİT/YÖN NETLİĞİ
PERP CLO/USDT:USDT        LONG  phase=PRE_BREAKOUT     score= 82.2 early=81.6 rr_internal=2.20 rel1h=+2.16 rel4h=+4.04 mc=#9999 gate=90 valid=True qv=141073 reject=SKOR/EŞİK
SPOT BLOB/USDT            YUKARI HAREKET  15m=+0.00% 1h=-1.36% 24h=-84.04% vol=0.00x swap=False discovery=True
SPOT GTT/USDT             AŞAĞI HAREKET   15m=-1.18% 1h=-1.24% 24h=-73.65% vol=0.75x swap=False discovery=True
SPOT MBK/USDT             AŞAĞI HAREKET   15m=-1.17% 1h=-3.43% 24h=-69.34% vol=0.84x swap=False discovery=True
SPOT EVT/USDT             AŞAĞI HAREKET   15m=-3.68% 1h=+0.00% 24h=-57.07% vol=0.37x swap=False discovery=True
SPOT OKAI/USDT            YUKARI HAREKET  15m=+5.05% 1h=+8.77% 24h=-49.48% vol=0.53x swap=False discovery=True
SPOT MINT/USDT            AŞAĞI HAREKET   15m=-9.42% 1h=-8.91% 24h=-44.44% vol=8.76x swap=False discovery=True
SPOT MAGIC/USDT           YUKARI HAREKET  15m=+4.11% 1h=-29.00% 24h=+38.58% vol=5.79x swap=True discovery=True
SPOT KAIA/USDT            YUKARI HAREKET  15m=+0.14% 1h=-0.67% 24h=+35.48% vol=1.17x swap=True discovery=True
SPOT KRAFT/USDT           AŞAĞI HAREKET   15m=-0.92% 1h=-0.37% 24h=-25.77% vol=0.70x swap=False discovery=True
SPOT DUST/USDT            YUKARI HAREKET  15m=+2.62% 1h=-0.42% 24h=-20.85% vol=0.61x swap=False discovery=True
FIRSAT_KONTROL LUMIA/USDT:USDT      24h=+55.60% perp_qv=1439836 spot_qv=0 score=66.9 faz=PRE_BREAKOUT neden=ERKEN KIRILIM/TEYİT/YÖN NETLİĞİ
FIRSAT_KONTROL ZC/USDT:USDT         24h=-30.99% perp_qv=142975 spot_qv=0 score=57.8 faz=NO_EARLY_SETUP neden=ERKEN KIRILIM/TEYİT/YÖN NETLİĞİ
FIRSAT_KONTROL MUSEBOOK/USDT:USDT   24h=+30.75% perp_qv=120836 spot_qv=0 score=64.8 faz=NO_EARLY_SETUP neden=ERKEN KIRILIM/TEYİT/YÖN NETLİĞİ
FIRSAT_KONTROL CAP/USDT:USDT        24h=+27.54% perp_qv=2099360 spot_qv=0 score=65.3 faz=NO_EARLY_SETUP neden=ERKEN KIRILIM/TEYİT/YÖN NETLİĞİ
FIRSAT_KONTROL OGN/USDT:USDT        24h=+24.57% perp_qv=2940105 spot_qv=891928 score=71.5 faz=NO_EARLY_SETUP neden=ERKEN KIRILIM/TEYİT/YÖN NETLİĞİ
FIRSAT_KONTROL US/USDT:USDT         24h=-23.19% perp_qv=13150397 spot_qv=1801068 score=53.6 faz=PRE_BREAKOUT neden=ERKEN KIRILIM/TEYİT/YÖN NETLİĞİ
FIRSAT_KONTROL ORBIO/USDT:USDT      24h=+22.86% perp_qv=292080 spot_qv=0 score=66.6 faz=NO_EARLY_SETUP neden=ERKEN KIRILIM/TEYİT/YÖN NETLİĞİ
FIRSAT_KONTROL BATON/USDT:USDT      24h=-22.79% perp_qv=2540094 spot_qv=0 score=57.7 faz=NO_EARLY_SETUP neden=ERKEN KIRILIM/TEYİT/YÖN NETLİĞİ
FIRSAT_KONTROL PAID/USDT:USDT       24h=-22.06% perp_qv=196234 spot_qv=0 score=65.6 faz=NO_EARLY_SETUP neden=ERKEN KIRILIM/TEYİT/YÖN NETLİĞİ
FIRSAT_KONTROL RHEA/USDT:USDT       24h=+20.93% perp_qv=114362 spot_qv=0 score=65.0 faz=NO_EARLY_SETUP neden=ERKEN KIRILIM/TEYİT/YÖN NETLİĞİ
FIRSAT_KONTROL XDP/USDT:USDT        24h=+19.88% perp_qv=2955348 spot_qv=5868451 score=51.9 faz=NO_EARLY_SETUP neden=ERKEN KIRILIM/TEYİT/YÖN NETLİĞİ
FIRSAT_KONTROL ALLINU/USDT:USDT     24h=-19.82% perp_qv=99145 spot_qv=0 score=analiz yok faz=n/a neden=detaylı tarama dışında: normal vadeli hacim eşiğinin altında ve spot radar önceliği yok
FIRSAT_KONTROL MAGIC/USDT:USDT      24h=+17.44% perp_qv=19790682 spot_qv=864243 score=54.4 faz=NO_EARLY_SETUP neden=ERKEN KIRILIM/TEYİT/YÖN NETLİĞİ
FIRSAT_KONTROL C98/USDT:USDT        24h=+16.16% perp_qv=621894 spot_qv=0 score=53.0 faz=NO_EARLY_SETUP neden=ERKEN KIRILIM/TEYİT/YÖN NETLİĞİ
FIRSAT_KONTROL SI/USDT:USDT         24h=-16.03% perp_qv=810910 spot_qv=0 score=64.2 faz=PRE_BREAKOUT neden=ERKEN KIRILIM/TEYİT/YÖN NETLİĞİ
FIRSAT_KONTROL WANGCHAI/USDT:USDT   24h=+15.27% perp_qv=163977 spot_qv=0 score=analiz yok faz=n/a neden=detaylı analiz listesine girmedi; evren/seçim kontrolü gerekli
FIRSAT_KONTROL WHUF/USDT:USDT       24h=-15.22% perp_qv=137599 spot_qv=0 score=analiz yok faz=n/a neden=detaylı analiz listesine girmedi; evren/seçim kontrolü gerekli
FIRSAT_KONTROL TREAD/USDT:USDT      24h=+15.05% perp_qv=102087 spot_qv=0 score=65.6 faz=NO_EARLY_SETUP neden=ERKEN KIRILIM/TEYİT/YÖN NETLİĞİ
FIRSAT_KONTROL HOOKED/USDT:USDT     24h=-13.98% perp_qv=139672 spot_qv=0 score=analiz yok faz=n/a neden=detaylı analiz listesine girmedi; evren/seçim kontrolü gerekli
FIRSAT_KONTROL PIXEL/USDT:USDT      24h=+13.80% perp_qv=6117923 spot_qv=0 score=58.6 faz=PRE_BREAKOUT neden=ERKEN KIRILIM/TEYİT/YÖN NETLİĞİ
